Archive member included because of file (symbol)

c:/users/user/onedrive/desktop/imt_sdk/imt_sdk_win_64/imt_sdk_win_64/winavr/bin/../lib/gcc/avr/4.3.3/avr5\libgcc.a(_udivmodhi4.o)
                              ./MCAL_DRIVERS/TIMER_PRG.o (__udivmodhi4)
c:/users/user/onedrive/desktop/imt_sdk/imt_sdk_win_64/imt_sdk_win_64/winavr/bin/../lib/gcc/avr/4.3.3/avr5\libgcc.a(_exit.o)
                              c:/users/user/onedrive/desktop/imt_sdk/imt_sdk_win_64/imt_sdk_win_64/winavr/bin/../lib/gcc/avr/4.3.3/../../../../avr/lib/avr5/crtm32.o (exit)
c:/users/user/onedrive/desktop/imt_sdk/imt_sdk_win_64/imt_sdk_win_64/winavr/bin/../lib/gcc/avr/4.3.3/avr5\libgcc.a(_clear_bss.o)
                              ./MCAL_DRIVERS/TIMER_PRG.o (__do_clear_bss)
c:/users/user/onedrive/desktop/imt_sdk/imt_sdk_win_64/imt_sdk_win_64/winavr/bin/../lib/gcc/avr/4.3.3/avr5\libgcc.a(_ashldi3.o)
                              ./MCAL_DRIVERS/TIMER_PRG.o (__ashldi3)
c:/users/user/onedrive/desktop/imt_sdk/imt_sdk_win_64/imt_sdk_win_64/winavr/bin/../lib/gcc/avr/4.3.3/avr5\libgcc.a(_fixunssfsi.o)
                              ./MCAL_DRIVERS/TIMER_PRG.o (__fixunssfsi)
c:/users/user/onedrive/desktop/imt_sdk/imt_sdk_win_64/imt_sdk_win_64/winavr/bin/../lib/gcc/avr/4.3.3/avr5\libgcc.a(_floatundisf.o)
                              ./MCAL_DRIVERS/TIMER_PRG.o (__floatundisf)
c:/users/user/onedrive/desktop/imt_sdk/imt_sdk_win_64/imt_sdk_win_64/winavr/bin/../lib/gcc/avr/4.3.3/avr5\libgcc.a(_addsub_sf.o)
                              ./MCAL_DRIVERS/TIMER_PRG.o (__subsf3)
c:/users/user/onedrive/desktop/imt_sdk/imt_sdk_win_64/imt_sdk_win_64/winavr/bin/../lib/gcc/avr/4.3.3/avr5\libgcc.a(_mul_sf.o)
                              ./MCAL_DRIVERS/TIMER_PRG.o (__mulsf3)
c:/users/user/onedrive/desktop/imt_sdk/imt_sdk_win_64/imt_sdk_win_64/winavr/bin/../lib/gcc/avr/4.3.3/avr5\libgcc.a(_div_sf.o)
                              ./MCAL_DRIVERS/TIMER_PRG.o (__divsf3)
c:/users/user/onedrive/desktop/imt_sdk/imt_sdk_win_64/imt_sdk_win_64/winavr/bin/../lib/gcc/avr/4.3.3/avr5\libgcc.a(_gt_sf.o)
                              ./HAL_DRIVERS/Servo_Prg.o (__gtsf2)
c:/users/user/onedrive/desktop/imt_sdk/imt_sdk_win_64/imt_sdk_win_64/winavr/bin/../lib/gcc/avr/4.3.3/avr5\libgcc.a(_ge_sf.o)
                              c:/users/user/onedrive/desktop/imt_sdk/imt_sdk_win_64/imt_sdk_win_64/winavr/bin/../lib/gcc/avr/4.3.3/avr5\libgcc.a(_fixunssfsi.o) (__gesf2)
c:/users/user/onedrive/desktop/imt_sdk/imt_sdk_win_64/imt_sdk_win_64/winavr/bin/../lib/gcc/avr/4.3.3/avr5\libgcc.a(_lt_sf.o)
                              ./MCAL_DRIVERS/TIMER_PRG.o (__ltsf2)
c:/users/user/onedrive/desktop/imt_sdk/imt_sdk_win_64/imt_sdk_win_64/winavr/bin/../lib/gcc/avr/4.3.3/avr5\libgcc.a(_si_to_sf.o)
                              c:/users/user/onedrive/desktop/imt_sdk/imt_sdk_win_64/imt_sdk_win_64/winavr/bin/../lib/gcc/avr/4.3.3/avr5\libgcc.a(_floatundisf.o) (__floatsisf)
c:/users/user/onedrive/desktop/imt_sdk/imt_sdk_win_64/imt_sdk_win_64/winavr/bin/../lib/gcc/avr/4.3.3/avr5\libgcc.a(_sf_to_si.o)
                              c:/users/user/onedrive/desktop/imt_sdk/imt_sdk_win_64/imt_sdk_win_64/winavr/bin/../lib/gcc/avr/4.3.3/avr5\libgcc.a(_fixunssfsi.o) (__fixsfsi)
c:/users/user/onedrive/desktop/imt_sdk/imt_sdk_win_64/imt_sdk_win_64/winavr/bin/../lib/gcc/avr/4.3.3/avr5\libgcc.a(_thenan_sf.o)
                              c:/users/user/onedrive/desktop/imt_sdk/imt_sdk_win_64/imt_sdk_win_64/winavr/bin/../lib/gcc/avr/4.3.3/avr5\libgcc.a(_addsub_sf.o) (__thenan_sf)
c:/users/user/onedrive/desktop/imt_sdk/imt_sdk_win_64/imt_sdk_win_64/winavr/bin/../lib/gcc/avr/4.3.3/avr5\libgcc.a(_usi_to_sf.o)
                              ./MCAL_DRIVERS/TIMER_PRG.o (__floatunsisf)
c:/users/user/onedrive/desktop/imt_sdk/imt_sdk_win_64/imt_sdk_win_64/winavr/bin/../lib/gcc/avr/4.3.3/avr5\libgcc.a(_prologue.o)
                              c:/users/user/onedrive/desktop/imt_sdk/imt_sdk_win_64/imt_sdk_win_64/winavr/bin/../lib/gcc/avr/4.3.3/avr5\libgcc.a(_floatundisf.o) (__prologue_saves__)
c:/users/user/onedrive/desktop/imt_sdk/imt_sdk_win_64/imt_sdk_win_64/winavr/bin/../lib/gcc/avr/4.3.3/avr5\libgcc.a(_epilogue.o)
                              c:/users/user/onedrive/desktop/imt_sdk/imt_sdk_win_64/imt_sdk_win_64/winavr/bin/../lib/gcc/avr/4.3.3/avr5\libgcc.a(_floatundisf.o) (__epilogue_restores__)
c:/users/user/onedrive/desktop/imt_sdk/imt_sdk_win_64/imt_sdk_win_64/winavr/bin/../lib/gcc/avr/4.3.3/avr5\libgcc.a(_copy_data.o)
                              c:/users/user/onedrive/desktop/imt_sdk/imt_sdk_win_64/imt_sdk_win_64/winavr/bin/../lib/gcc/avr/4.3.3/avr5\libgcc.a(_thenan_sf.o) (__do_copy_data)
c:/users/user/onedrive/desktop/imt_sdk/imt_sdk_win_64/imt_sdk_win_64/winavr/bin/../lib/gcc/avr/4.3.3/avr5\libgcc.a(_lshrdi3.o)
                              c:/users/user/onedrive/desktop/imt_sdk/imt_sdk_win_64/imt_sdk_win_64/winavr/bin/../lib/gcc/avr/4.3.3/avr5\libgcc.a(_floatundisf.o) (__lshrdi3)
c:/users/user/onedrive/desktop/imt_sdk/imt_sdk_win_64/imt_sdk_win_64/winavr/bin/../lib/gcc/avr/4.3.3/avr5\libgcc.a(_clz.o)
                              c:/users/user/onedrive/desktop/imt_sdk/imt_sdk_win_64/imt_sdk_win_64/winavr/bin/../lib/gcc/avr/4.3.3/avr5\libgcc.a(_floatundisf.o) (__clz_tab)
c:/users/user/onedrive/desktop/imt_sdk/imt_sdk_win_64/imt_sdk_win_64/winavr/bin/../lib/gcc/avr/4.3.3/avr5\libgcc.a(_clzsi2.o)
                              c:/users/user/onedrive/desktop/imt_sdk/imt_sdk_win_64/imt_sdk_win_64/winavr/bin/../lib/gcc/avr/4.3.3/avr5\libgcc.a(_si_to_sf.o) (__clzsi2)
c:/users/user/onedrive/desktop/imt_sdk/imt_sdk_win_64/imt_sdk_win_64/winavr/bin/../lib/gcc/avr/4.3.3/avr5\libgcc.a(_pack_sf.o)
                              c:/users/user/onedrive/desktop/imt_sdk/imt_sdk_win_64/imt_sdk_win_64/winavr/bin/../lib/gcc/avr/4.3.3/avr5\libgcc.a(_addsub_sf.o) (__pack_f)
c:/users/user/onedrive/desktop/imt_sdk/imt_sdk_win_64/imt_sdk_win_64/winavr/bin/../lib/gcc/avr/4.3.3/avr5\libgcc.a(_unpack_sf.o)
                              c:/users/user/onedrive/desktop/imt_sdk/imt_sdk_win_64/imt_sdk_win_64/winavr/bin/../lib/gcc/avr/4.3.3/avr5\libgcc.a(_addsub_sf.o) (__unpack_f)
c:/users/user/onedrive/desktop/imt_sdk/imt_sdk_win_64/imt_sdk_win_64/winavr/bin/../lib/gcc/avr/4.3.3/avr5\libgcc.a(_fpcmp_parts_sf.o)
                              c:/users/user/onedrive/desktop/imt_sdk/imt_sdk_win_64/imt_sdk_win_64/winavr/bin/../lib/gcc/avr/4.3.3/avr5\libgcc.a(_gt_sf.o) (__fpcmp_parts_f)

Memory Configuration

Name             Origin             Length             Attributes
text             0x00000000         0x00020000         xr
data             0x00800060         0x0000ffa0         rw !x
eeprom           0x00810000         0x00010000         rw !x
fuse             0x00820000         0x00000400         rw !x
lock             0x00830000         0x00000400         rw !x
signature        0x00840000         0x00000400         rw !x
*default*        0x00000000         0xffffffff

Linker script and memory map

LOAD c:/users/user/onedrive/desktop/imt_sdk/imt_sdk_win_64/imt_sdk_win_64/winavr/bin/../lib/gcc/avr/4.3.3/../../../../avr/lib/avr5/crtm32.o
LOAD ./MCAL_DRIVERS/DIO_prg.o
LOAD ./MCAL_DRIVERS/INTERRUPT_prg.o
LOAD ./MCAL_DRIVERS/TIMER_PRG.o
LOAD ./MCAL_DRIVERS/UART_Prg.o
LOAD ./HAL_DRIVERS/BlueTooth_prg.o
LOAD ./HAL_DRIVERS/DCMOTOR_PRG.o
LOAD ./HAL_DRIVERS/IR_Prg.o
LOAD ./HAL_DRIVERS/Servo_Prg.o
LOAD ./HAL_DRIVERS/UltraSonic_Prg.o
LOAD ./APP_DRIVER/MultipleTasksCar_Prg.o
LOAD ./main.o
LOAD c:/users/user/onedrive/desktop/imt_sdk/imt_sdk_win_64/imt_sdk_win_64/winavr/bin/../lib/gcc/avr/4.3.3/avr5\libgcc.a
LOAD c:/users/user/onedrive/desktop/imt_sdk/imt_sdk_win_64/imt_sdk_win_64/winavr/bin/../lib/gcc/avr/4.3.3/../../../../avr/lib/avr5\libc.a
LOAD c:/users/user/onedrive/desktop/imt_sdk/imt_sdk_win_64/imt_sdk_win_64/winavr/bin/../lib/gcc/avr/4.3.3/avr5\libgcc.a

.hash
 *(.hash)

.dynsym
 *(.dynsym)

.dynstr
 *(.dynstr)

.gnu.version
 *(.gnu.version)

.gnu.version_d
 *(.gnu.version_d)

.gnu.version_r
 *(.gnu.version_r)

.rel.init
 *(.rel.init)

.rela.init
 *(.rela.init)

.rel.text
 *(.rel.text)
 *(.rel.text.*)
 *(.rel.gnu.linkonce.t*)

.rela.text
 *(.rela.text)
 *(.rela.text.*)
 *(.rela.gnu.linkonce.t*)

.rel.fini
 *(.rel.fini)

.rela.fini
 *(.rela.fini)

.rel.rodata
 *(.rel.rodata)
 *(.rel.rodata.*)
 *(.rel.gnu.linkonce.r*)

.rela.rodata
 *(.rela.rodata)
 *(.rela.rodata.*)
 *(.rela.gnu.linkonce.r*)

.rel.data
 *(.rel.data)
 *(.rel.data.*)
 *(.rel.gnu.linkonce.d*)

.rela.data
 *(.rela.data)
 *(.rela.data.*)
 *(.rela.gnu.linkonce.d*)

.rel.ctors
 *(.rel.ctors)

.rela.ctors
 *(.rela.ctors)

.rel.dtors
 *(.rel.dtors)

.rela.dtors
 *(.rela.dtors)

.rel.got
 *(.rel.got)

.rela.got
 *(.rela.got)

.rel.bss
 *(.rel.bss)

.rela.bss
 *(.rela.bss)

.rel.plt
 *(.rel.plt)

.rela.plt
 *(.rela.plt)

.text           0x00000000     0x58ac
 *(.vectors)
 .vectors       0x00000000       0x54 c:/users/user/onedrive/desktop/imt_sdk/imt_sdk_win_64/imt_sdk_win_64/winavr/bin/../lib/gcc/avr/4.3.3/../../../../avr/lib/avr5/crtm32.o
                0x00000000                __vectors
                0x00000000                __vector_default
 *(.vectors)
 *(.progmem.gcc*)
 *(.progmem*)
                0x00000054                . = ALIGN (0x2)
                0x00000054                __trampolines_start = .
 *(.trampolines)
 .trampolines   0x00000054        0x0 linker stubs
 *(.trampolines*)
                0x00000054                __trampolines_end = .
 *(.jumptables)
 *(.jumptables*)
 *(.lowtext)
 *(.lowtext*)
                0x00000054                __ctors_start = .
 *(.ctors)
                0x00000054                __ctors_end = .
                0x00000054                __dtors_start = .
 *(.dtors)
                0x00000054                __dtors_end = .
 SORT(*)(.ctors)
 SORT(*)(.dtors)
 *(.init0)
 .init0         0x00000054        0x0 c:/users/user/onedrive/desktop/imt_sdk/imt_sdk_win_64/imt_sdk_win_64/winavr/bin/../lib/gcc/avr/4.3.3/../../../../avr/lib/avr5/crtm32.o
                0x00000054                __init
 *(.init0)
 *(.init1)
 *(.init1)
 *(.init2)
 .init2         0x00000054        0xc c:/users/user/onedrive/desktop/imt_sdk/imt_sdk_win_64/imt_sdk_win_64/winavr/bin/../lib/gcc/avr/4.3.3/../../../../avr/lib/avr5/crtm32.o
 *(.init2)
 *(.init3)
 *(.init3)
 *(.init4)
 .init4         0x00000060       0x10 c:/users/user/onedrive/desktop/imt_sdk/imt_sdk_win_64/imt_sdk_win_64/winavr/bin/../lib/gcc/avr/4.3.3/avr5\libgcc.a(_clear_bss.o)
                0x00000060                __do_clear_bss
 .init4         0x00000070       0x16 c:/users/user/onedrive/desktop/imt_sdk/imt_sdk_win_64/imt_sdk_win_64/winavr/bin/../lib/gcc/avr/4.3.3/avr5\libgcc.a(_copy_data.o)
                0x00000070                __do_copy_data
 *(.init4)
 *(.init5)
 *(.init5)
 *(.init6)
 *(.init6)
 *(.init7)
 *(.init7)
 *(.init8)
 *(.init8)
 *(.init9)
 .init9         0x00000086        0x8 c:/users/user/onedrive/desktop/imt_sdk/imt_sdk_win_64/imt_sdk_win_64/winavr/bin/../lib/gcc/avr/4.3.3/../../../../avr/lib/avr5/crtm32.o
 *(.init9)
 *(.text)
 .text          0x0000008e        0x4 c:/users/user/onedrive/desktop/imt_sdk/imt_sdk_win_64/imt_sdk_win_64/winavr/bin/../lib/gcc/avr/4.3.3/../../../../avr/lib/avr5/crtm32.o
                0x0000008e                __vector_1
                0x0000008e                __vector_12
                0x0000008e                __bad_interrupt
                0x0000008e                __vector_3
                0x0000008e                __vector_17
                0x0000008e                __vector_19
                0x0000008e                __vector_7
                0x0000008e                __vector_4
                0x0000008e                __vector_2
                0x0000008e                __vector_15
                0x0000008e                __vector_8
                0x0000008e                __vector_14
                0x0000008e                __vector_10
                0x0000008e                __vector_16
                0x0000008e                __vector_18
                0x0000008e                __vector_20
 .text          0x00000092        0x0 ./MCAL_DRIVERS/DIO_prg.o
 .text          0x00000092        0x0 ./MCAL_DRIVERS/INTERRUPT_prg.o
 .text          0x00000092        0x0 ./MCAL_DRIVERS/TIMER_PRG.o
 .text          0x00000092        0x0 ./MCAL_DRIVERS/UART_Prg.o
 .text          0x00000092        0x0 ./HAL_DRIVERS/BlueTooth_prg.o
 .text          0x00000092        0x0 ./HAL_DRIVERS/DCMOTOR_PRG.o
 .text          0x00000092        0x0 ./HAL_DRIVERS/IR_Prg.o
 .text          0x00000092        0x0 ./HAL_DRIVERS/Servo_Prg.o
 .text          0x00000092        0x0 ./HAL_DRIVERS/UltraSonic_Prg.o
 .text          0x00000092        0x0 ./APP_DRIVER/MultipleTasksCar_Prg.o
 .text          0x00000092        0x0 ./main.o
 .text          0x00000092        0x0 c:/users/user/onedrive/desktop/imt_sdk/imt_sdk_win_64/imt_sdk_win_64/winavr/bin/../lib/gcc/avr/4.3.3/avr5\libgcc.a(_udivmodhi4.o)
 .text          0x00000092        0x0 c:/users/user/onedrive/desktop/imt_sdk/imt_sdk_win_64/imt_sdk_win_64/winavr/bin/../lib/gcc/avr/4.3.3/avr5\libgcc.a(_exit.o)
 .text          0x00000092        0x0 c:/users/user/onedrive/desktop/imt_sdk/imt_sdk_win_64/imt_sdk_win_64/winavr/bin/../lib/gcc/avr/4.3.3/avr5\libgcc.a(_clear_bss.o)
 .text          0x00000092       0xfe c:/users/user/onedrive/desktop/imt_sdk/imt_sdk_win_64/imt_sdk_win_64/winavr/bin/../lib/gcc/avr/4.3.3/avr5\libgcc.a(_ashldi3.o)
                0x00000092                __ashldi3
 .text          0x00000190       0x58 c:/users/user/onedrive/desktop/imt_sdk/imt_sdk_win_64/imt_sdk_win_64/winavr/bin/../lib/gcc/avr/4.3.3/avr5\libgcc.a(_fixunssfsi.o)
                0x00000190                __fixunssfsi
 .text          0x000001e8      0x1b8 c:/users/user/onedrive/desktop/imt_sdk/imt_sdk_win_64/imt_sdk_win_64/winavr/bin/../lib/gcc/avr/4.3.3/avr5\libgcc.a(_floatundisf.o)
                0x000001e8                __floatundisf
 .text          0x000003a0      0x354 c:/users/user/onedrive/desktop/imt_sdk/imt_sdk_win_64/imt_sdk_win_64/winavr/bin/../lib/gcc/avr/4.3.3/avr5\libgcc.a(_addsub_sf.o)
                0x00000638                __subsf3
                0x0000069a                __addsf3
 .text          0x000006f4      0x1f4 c:/users/user/onedrive/desktop/imt_sdk/imt_sdk_win_64/imt_sdk_win_64/winavr/bin/../lib/gcc/avr/4.3.3/avr5\libgcc.a(_mul_sf.o)
                0x000006f4                __mulsf3
 .text          0x000008e8      0x158 c:/users/user/onedrive/desktop/imt_sdk/imt_sdk_win_64/imt_sdk_win_64/winavr/bin/../lib/gcc/avr/4.3.3/avr5\libgcc.a(_div_sf.o)
                0x000008e8                __divsf3
 .text          0x00000a40       0x60 c:/users/user/onedrive/desktop/imt_sdk/imt_sdk_win_64/imt_sdk_win_64/winavr/bin/../lib/gcc/avr/4.3.3/avr5\libgcc.a(_gt_sf.o)
                0x00000a40                __gtsf2
 .text          0x00000aa0       0x60 c:/users/user/onedrive/desktop/imt_sdk/imt_sdk_win_64/imt_sdk_win_64/winavr/bin/../lib/gcc/avr/4.3.3/avr5\libgcc.a(_ge_sf.o)
                0x00000aa0                __gesf2
 .text          0x00000b00       0x60 c:/users/user/onedrive/desktop/imt_sdk/imt_sdk_win_64/imt_sdk_win_64/winavr/bin/../lib/gcc/avr/4.3.3/avr5\libgcc.a(_lt_sf.o)
                0x00000b00                __ltsf2
 .text          0x00000b60       0xbc c:/users/user/onedrive/desktop/imt_sdk/imt_sdk_win_64/imt_sdk_win_64/winavr/bin/../lib/gcc/avr/4.3.3/avr5\libgcc.a(_si_to_sf.o)
                0x00000b60                __floatsisf
 .text          0x00000c1c       0xa8 c:/users/user/onedrive/desktop/imt_sdk/imt_sdk_win_64/imt_sdk_win_64/winavr/bin/../lib/gcc/avr/4.3.3/avr5\libgcc.a(_sf_to_si.o)
                0x00000c1c                __fixsfsi
 .text          0x00000cc4        0x0 c:/users/user/onedrive/desktop/imt_sdk/imt_sdk_win_64/imt_sdk_win_64/winavr/bin/../lib/gcc/avr/4.3.3/avr5\libgcc.a(_thenan_sf.o)
 .text          0x00000cc4       0xf2 c:/users/user/onedrive/desktop/imt_sdk/imt_sdk_win_64/imt_sdk_win_64/winavr/bin/../lib/gcc/avr/4.3.3/avr5\libgcc.a(_usi_to_sf.o)
                0x00000cc4                __floatunsisf
 .text          0x00000db6        0x0 c:/users/user/onedrive/desktop/imt_sdk/imt_sdk_win_64/imt_sdk_win_64/winavr/bin/../lib/gcc/avr/4.3.3/avr5\libgcc.a(_prologue.o)
 .text          0x00000db6        0x0 c:/users/user/onedrive/desktop/imt_sdk/imt_sdk_win_64/imt_sdk_win_64/winavr/bin/../lib/gcc/avr/4.3.3/avr5\libgcc.a(_epilogue.o)
 .text          0x00000db6        0x0 c:/users/user/onedrive/desktop/imt_sdk/imt_sdk_win_64/imt_sdk_win_64/winavr/bin/../lib/gcc/avr/4.3.3/avr5\libgcc.a(_copy_data.o)
 .text          0x00000db6       0xfe c:/users/user/onedrive/desktop/imt_sdk/imt_sdk_win_64/imt_sdk_win_64/winavr/bin/../lib/gcc/avr/4.3.3/avr5\libgcc.a(_lshrdi3.o)
                0x00000db6                __lshrdi3
 .text          0x00000eb4        0x0 c:/users/user/onedrive/desktop/imt_sdk/imt_sdk_win_64/imt_sdk_win_64/winavr/bin/../lib/gcc/avr/4.3.3/avr5\libgcc.a(_clz.o)
 .text          0x00000eb4       0x9e c:/users/user/onedrive/desktop/imt_sdk/imt_sdk_win_64/imt_sdk_win_64/winavr/bin/../lib/gcc/avr/4.3.3/avr5\libgcc.a(_clzsi2.o)
                0x00000eb4                __clzsi2
 .text          0x00000f52      0x1aa c:/users/user/onedrive/desktop/imt_sdk/imt_sdk_win_64/imt_sdk_win_64/winavr/bin/../lib/gcc/avr/4.3.3/avr5\libgcc.a(_pack_sf.o)
                0x00000f52                __pack_f
 .text          0x000010fc       0xf0 c:/users/user/onedrive/desktop/imt_sdk/imt_sdk_win_64/imt_sdk_win_64/winavr/bin/../lib/gcc/avr/4.3.3/avr5\libgcc.a(_unpack_sf.o)
                0x000010fc                __unpack_f
 .text          0x000011ec       0xb2 c:/users/user/onedrive/desktop/imt_sdk/imt_sdk_win_64/imt_sdk_win_64/winavr/bin/../lib/gcc/avr/4.3.3/avr5\libgcc.a(_fpcmp_parts_sf.o)
                0x000011ec                __fpcmp_parts_f
                0x0000129e                . = ALIGN (0x2)
 *(.text.*)
 .text.DIO_VidSetPinDirection
                0x0000129e      0x200 ./MCAL_DRIVERS/DIO_prg.o
                0x0000129e                DIO_VidSetPinDirection
 .text.DIO_VidSetPortDirection
                0x0000149e       0x82 ./MCAL_DRIVERS/DIO_prg.o
                0x0000149e                DIO_VidSetPortDirection
 .text.DIO_VidSetPinValue
                0x00001520      0x200 ./MCAL_DRIVERS/DIO_prg.o
                0x00001520                DIO_VidSetPinValue
 .text.DIO_VidSetPortValue
                0x00001720       0x82 ./MCAL_DRIVERS/DIO_prg.o
                0x00001720                DIO_VidSetPortValue
 .text.DIO_VidTogglePinValue
                0x000017a2       0xfa ./MCAL_DRIVERS/DIO_prg.o
                0x000017a2                DIO_VidTogglePinValue
 .text.DIO_U8GetPinValue
                0x0000189c      0x104 ./MCAL_DRIVERS/DIO_prg.o
                0x0000189c                DIO_U8GetPinValue
 .text.GIE_VidEnable
                0x000019a0       0x1c ./MCAL_DRIVERS/INTERRUPT_prg.o
                0x000019a0                GIE_VidEnable
 .text.GIE_VidDisable
                0x000019bc       0x1c ./MCAL_DRIVERS/INTERRUPT_prg.o
                0x000019bc                GIE_VidDisable
 .text.TIMER_VidSetCallBack
                0x000019d8       0x72 ./MCAL_DRIVERS/TIMER_PRG.o
                0x000019d8                TIMER_VidSetCallBack
 .text.TIMER0_VidInitialize
                0x00001a4a       0x58 ./MCAL_DRIVERS/TIMER_PRG.o
                0x00001a4a                TIMER0_VidInitialize
 .text.TIMER0_Set_Time_S
                0x00001aa2      0x762 ./MCAL_DRIVERS/TIMER_PRG.o
                0x00001aa2                TIMER0_Set_Time_S
 .text.TIMER0_Set_Time_mS
                0x00002204      0x298 ./MCAL_DRIVERS/TIMER_PRG.o
                0x00002204                TIMER0_Set_Time_mS
 .text.Timer0_VidSETDUTY
                0x0000249c       0x4c ./MCAL_DRIVERS/TIMER_PRG.o
                0x0000249c                Timer0_VidSETDUTY
 .text.TIMER1_VidInitializeMode14
                0x000024e8       0xac ./MCAL_DRIVERS/TIMER_PRG.o
                0x000024e8                TIMER1_VidInitializeMode14
 .text.Timer1_VidSETFreqency
                0x00002594       0x1e ./MCAL_DRIVERS/TIMER_PRG.o
                0x00002594                Timer1_VidSETFreqency
 .text.Timer1_VidSETDUTY
                0x000025b2       0x4e ./MCAL_DRIVERS/TIMER_PRG.o
                0x000025b2                Timer1_VidSETDUTY
 .text.TIMER1_VidInitializeMode15
                0x00002600      0x25c ./MCAL_DRIVERS/TIMER_PRG.o
                0x00002600                TIMER1_VidInitializeMode15
 .text.TIMER1_VidSetOCR1A
                0x0000285c       0x2e ./MCAL_DRIVERS/TIMER_PRG.o
                0x0000285c                TIMER1_VidSetOCR1A
 .text.TIMER1_VidSetOCR1B
                0x0000288a       0x2e ./MCAL_DRIVERS/TIMER_PRG.o
                0x0000288a                TIMER1_VidSetOCR1B
 .text.TIMER1_VidSetICR1
                0x000028b8       0x2e ./MCAL_DRIVERS/TIMER_PRG.o
                0x000028b8                TIMER1_VidSetICR1
 .text.Timer1Icu_init
                0x000028e6       0x76 ./MCAL_DRIVERS/TIMER_PRG.o
                0x000028e6                Timer1Icu_init
 .text.Timer1Icu_setCallBack
                0x0000295c       0x24 ./MCAL_DRIVERS/TIMER_PRG.o
                0x0000295c                Timer1Icu_setCallBack
 .text.Timer1Icu_setEdgeDetectionType
                0x00002980       0x3e ./MCAL_DRIVERS/TIMER_PRG.o
                0x00002980                Timer1Icu_setEdgeDetectionType
 .text.Timer1Icu_getInputCaptureValue
                0x000029be       0x16 ./MCAL_DRIVERS/TIMER_PRG.o
                0x000029be                Timer1Icu_getInputCaptureValue
 .text.Timer1Icu_clearTimerValue
                0x000029d4       0x16 ./MCAL_DRIVERS/TIMER_PRG.o
                0x000029d4                Timer1Icu_clearTimerValue
 .text.TIMER2_VidInitialize
                0x000029ea       0x96 ./MCAL_DRIVERS/TIMER_PRG.o
                0x000029ea                TIMER2_VidInitialize
 .text.TIMER2_Set_Time_S
                0x00002a80      0x762 ./MCAL_DRIVERS/TIMER_PRG.o
                0x00002a80                TIMER2_Set_Time_S
 .text.TIMER2_Set_Time_mS
                0x000031e2      0x298 ./MCAL_DRIVERS/TIMER_PRG.o
                0x000031e2                TIMER2_Set_Time_mS
 .text.Timer2_VidSETDUTY
                0x0000347a       0x4c ./MCAL_DRIVERS/TIMER_PRG.o
                0x0000347a                Timer2_VidSETDUTY
 .text.__vector_11
                0x000034c6       0x5a ./MCAL_DRIVERS/TIMER_PRG.o
                0x000034c6                __vector_11
 .text.__vector_5
                0x00003520       0xf4 ./MCAL_DRIVERS/TIMER_PRG.o
                0x00003520                __vector_5
 .text.__vector_9
                0x00003614       0x20 ./MCAL_DRIVERS/TIMER_PRG.o
                0x00003614                __vector_9
 .text.__vector_6
                0x00003634       0x66 ./MCAL_DRIVERS/TIMER_PRG.o
                0x00003634                __vector_6
 .text.UART_SetCallBack
                0x0000369a       0x24 ./MCAL_DRIVERS/UART_Prg.o
                0x0000369a                UART_SetCallBack
 .text.UART_VidInit
                0x000036be       0xa2 ./MCAL_DRIVERS/UART_Prg.o
                0x000036be                UART_VidInit
 .text.UART_VidInitUsingInterrupt
                0x00003760       0xb0 ./MCAL_DRIVERS/UART_Prg.o
                0x00003760                UART_VidInitUsingInterrupt
 .text.UART_VidSendData
                0x00003810       0x34 ./MCAL_DRIVERS/UART_Prg.o
                0x00003810                UART_VidSendData
 .text.UART_VidRecieveDataForInterruptPurpose
                0x00003844       0x14 ./MCAL_DRIVERS/UART_Prg.o
                0x00003844                UART_VidRecieveDataForInterruptPurpose
 .text.UART_VidRecieveData
                0x00003858       0x1e ./MCAL_DRIVERS/UART_Prg.o
                0x00003858                UART_VidRecieveData
 .text.UART_VidSendString
                0x00003876       0x52 ./MCAL_DRIVERS/UART_Prg.o
                0x00003876                UART_VidSendString
 .text.__vector_13
                0x000038c8       0x5a ./MCAL_DRIVERS/UART_Prg.o
                0x000038c8                __vector_13
 .text.BluetoothInit
                0x00003922       0x12 ./HAL_DRIVERS/BlueTooth_prg.o
                0x00003922                BluetoothInit
 .text.Bluetooth_U32Getnumber
                0x00003934       0x12 ./HAL_DRIVERS/BlueTooth_prg.o
                0x00003934                Bluetooth_U32Getnumber
 .text.BluetoothInitInterrupt
                0x00003946       0x12 ./HAL_DRIVERS/BlueTooth_prg.o
                0x00003946                BluetoothInitInterrupt
 .text.Bluetooth_U32GetnumberInterrupt
                0x00003958       0x16 ./HAL_DRIVERS/BlueTooth_prg.o
                0x00003958                Bluetooth_U32GetnumberInterrupt
 .text.Bluetooth_VidSendData
                0x0000396e       0x1a ./HAL_DRIVERS/BlueTooth_prg.o
                0x0000396e                Bluetooth_VidSendData
 .text.BluetoothVidSendString
                0x00003988       0x20 ./HAL_DRIVERS/BlueTooth_prg.o
                0x00003988                BluetoothVidSendString
 .text.Bluetooth_SetCallBack
                0x000039a8       0x20 ./HAL_DRIVERS/BlueTooth_prg.o
                0x000039a8                Bluetooth_SetCallBack
 .text.DcMotor_VidInit
                0x000039c8       0x62 ./HAL_DRIVERS/DCMOTOR_PRG.o
                0x000039c8                DcMotor_VidInit
 .text.DcMotor_VidRotate_Wheels1
                0x00003a2a       0x80 ./HAL_DRIVERS/DCMOTOR_PRG.o
                0x00003a2a                DcMotor_VidRotate_Wheels1
 .text.DcMotor_VidRotate_Wheels2
                0x00003aaa       0x80 ./HAL_DRIVERS/DCMOTOR_PRG.o
                0x00003aaa                DcMotor_VidRotate_Wheels2
 .text.IR_Init  0x00003b2a       0x22 ./HAL_DRIVERS/IR_Prg.o
                0x00003b2a                IR_Init
 .text.SERVO_VidInitOCR1A
                0x00003b4c       0x22 ./HAL_DRIVERS/Servo_Prg.o
                0x00003b4c                SERVO_VidInitOCR1A
 .text.SERVO_VidInitOCR1B
                0x00003b6e       0x22 ./HAL_DRIVERS/Servo_Prg.o
                0x00003b6e                SERVO_VidInitOCR1B
 .text.ServoSetAngleOCR1A
                0x00003b90       0x28 ./HAL_DRIVERS/Servo_Prg.o
                0x00003b90                ServoSetAngleOCR1A
 .text.ServoSetAngleOCR1B
                0x00003bb8       0x28 ./HAL_DRIVERS/Servo_Prg.o
                0x00003bb8                ServoSetAngleOCR1B
 .text.SetAngleOfServo
                0x00003be0      0x260 ./HAL_DRIVERS/Servo_Prg.o
                0x00003be0                SetAngleOfServo
 .text.Ultrasonic_edgeProcessing
                0x00003e40       0x46 ./HAL_DRIVERS/UltraSonic_Prg.o
 .text.Ultrasonic_Trigger
                0x00003e86      0x1b6 ./HAL_DRIVERS/UltraSonic_Prg.o
 .text.Ultrasonic_init
                0x0000403c       0x28 ./HAL_DRIVERS/UltraSonic_Prg.o
                0x0000403c                Ultrasonic_init
 .text.Ultrasonic_readDistance
                0x00004064       0x4e ./HAL_DRIVERS/UltraSonic_Prg.o
                0x00004064                Ultrasonic_readDistance
 .text.MultipleTasksCar_VidInit
                0x000040b2       0x26 ./APP_DRIVER/MultipleTasksCar_Prg.o
                0x000040b2                MultipleTasksCar_VidInit
 .text.MultipleTasksCar_SetCarVelocity
                0x000040d8       0x78 ./APP_DRIVER/MultipleTasksCar_Prg.o
                0x000040d8                MultipleTasksCar_SetCarVelocity
 .text.MultipleTasksCar_GetDirections
                0x00004150       0xac ./APP_DRIVER/MultipleTasksCar_Prg.o
                0x00004150                MultipleTasksCar_GetDirections
 .text.MultipleTasksCar_DCMotorVelocity
                0x000041fc       0x1a ./APP_DRIVER/MultipleTasksCar_Prg.o
                0x000041fc                MultipleTasksCar_DCMotorVelocity
 .text.MultipleTasksCar_GetMode
                0x00004216       0x12 ./APP_DRIVER/MultipleTasksCar_Prg.o
                0x00004216                MultipleTasksCar_GetMode
 .text.MultipleTasksCar_LineFollower
                0x00004228       0x82 ./APP_DRIVER/MultipleTasksCar_Prg.o
                0x00004228                MultipleTasksCar_LineFollower
 .text.MultipleTasksCar_UltraSonic
                0x000042aa      0x57c ./APP_DRIVER/MultipleTasksCar_Prg.o
                0x000042aa                MultipleTasksCar_UltraSonic
 .text.UltraSonicRightAction
                0x00004826      0x308 ./APP_DRIVER/MultipleTasksCar_Prg.o
                0x00004826                UltraSonicRightAction
 .text.UltraSonicLeftAction
                0x00004b2e      0x308 ./APP_DRIVER/MultipleTasksCar_Prg.o
                0x00004b2e                UltraSonicLeftAction
 .text.UltraSonicStopAction
                0x00004e36      0x11e ./APP_DRIVER/MultipleTasksCar_Prg.o
                0x00004e36                UltraSonicStopAction
 .text.MultipleTasksCar_MapLine
                0x00004f54      0x1d0 ./APP_DRIVER/MultipleTasksCar_Prg.o
                0x00004f54                MultipleTasksCar_MapLine
 .text.MultipleTasksCar_RightAction
                0x00005124      0x212 ./APP_DRIVER/MultipleTasksCar_Prg.o
                0x00005124                MultipleTasksCar_RightAction
 .text.MultipleTasksCar_LeftAction
                0x00005336      0x212 ./APP_DRIVER/MultipleTasksCar_Prg.o
                0x00005336                MultipleTasksCar_LeftAction
 .text.MultipleTasksCar_TurnBack
                0x00005548      0x122 ./APP_DRIVER/MultipleTasksCar_Prg.o
                0x00005548                MultipleTasksCar_TurnBack
 .text.MultipleTasksCar_StopActionDelayed
                0x0000566a      0x116 ./APP_DRIVER/MultipleTasksCar_Prg.o
                0x0000566a                MultipleTasksCar_StopActionDelayed
 .text.main     0x00005780       0x92 ./main.o
                0x00005780                main
 .text.libgcc   0x00005812       0x28 c:/users/user/onedrive/desktop/imt_sdk/imt_sdk_win_64/imt_sdk_win_64/winavr/bin/../lib/gcc/avr/4.3.3/avr5\libgcc.a(_udivmodhi4.o)
                0x00005812                __udivmodhi4
 .text.libgcc   0x0000583a        0x0 c:/users/user/onedrive/desktop/imt_sdk/imt_sdk_win_64/imt_sdk_win_64/winavr/bin/../lib/gcc/avr/4.3.3/avr5\libgcc.a(_exit.o)
 .text.libgcc   0x0000583a        0x0 c:/users/user/onedrive/desktop/imt_sdk/imt_sdk_win_64/imt_sdk_win_64/winavr/bin/../lib/gcc/avr/4.3.3/avr5\libgcc.a(_clear_bss.o)
 .text.libgcc   0x0000583a       0x38 c:/users/user/onedrive/desktop/imt_sdk/imt_sdk_win_64/imt_sdk_win_64/winavr/bin/../lib/gcc/avr/4.3.3/avr5\libgcc.a(_prologue.o)
                0x0000583a                __prologue_saves__
 .text.libgcc   0x00005872       0x36 c:/users/user/onedrive/desktop/imt_sdk/imt_sdk_win_64/imt_sdk_win_64/winavr/bin/../lib/gcc/avr/4.3.3/avr5\libgcc.a(_epilogue.o)
                0x00005872                __epilogue_restores__
 .text.libgcc   0x000058a8        0x0 c:/users/user/onedrive/desktop/imt_sdk/imt_sdk_win_64/imt_sdk_win_64/winavr/bin/../lib/gcc/avr/4.3.3/avr5\libgcc.a(_copy_data.o)
                0x000058a8                . = ALIGN (0x2)
 *(.fini9)
 .fini9         0x000058a8        0x0 c:/users/user/onedrive/desktop/imt_sdk/imt_sdk_win_64/imt_sdk_win_64/winavr/bin/../lib/gcc/avr/4.3.3/avr5\libgcc.a(_exit.o)
                0x000058a8                exit
                0x000058a8                _exit
 *(.fini9)
 *(.fini8)
 *(.fini8)
 *(.fini7)
 *(.fini7)
 *(.fini6)
 *(.fini6)
 *(.fini5)
 *(.fini5)
 *(.fini4)
 *(.fini4)
 *(.fini3)
 *(.fini3)
 *(.fini2)
 *(.fini2)
 *(.fini1)
 *(.fini1)
 *(.fini0)
 .fini0         0x000058a8        0x4 c:/users/user/onedrive/desktop/imt_sdk/imt_sdk_win_64/imt_sdk_win_64/winavr/bin/../lib/gcc/avr/4.3.3/avr5\libgcc.a(_exit.o)
 *(.fini0)
                0x000058ac                _etext = .

.data           0x00800060      0x108 load address 0x000058ac
                0x00800060                PROVIDE (__data_start, .)
 *(.data)
 .data          0x00800060        0x0 c:/users/user/onedrive/desktop/imt_sdk/imt_sdk_win_64/imt_sdk_win_64/winavr/bin/../lib/gcc/avr/4.3.3/../../../../avr/lib/avr5/crtm32.o
 .data          0x00800060        0x0 ./MCAL_DRIVERS/DIO_prg.o
 .data          0x00800060        0x0 ./MCAL_DRIVERS/INTERRUPT_prg.o
 .data          0x00800060        0x0 ./MCAL_DRIVERS/TIMER_PRG.o
 .data          0x00800060        0x0 ./MCAL_DRIVERS/UART_Prg.o
 .data          0x00800060        0x0 ./HAL_DRIVERS/BlueTooth_prg.o
 .data          0x00800060        0x0 ./HAL_DRIVERS/DCMOTOR_PRG.o
 .data          0x00800060        0x0 ./HAL_DRIVERS/IR_Prg.o
 .data          0x00800060        0x0 ./HAL_DRIVERS/Servo_Prg.o
 .data          0x00800060        0x0 ./HAL_DRIVERS/UltraSonic_Prg.o
 .data          0x00800060        0x0 ./APP_DRIVER/MultipleTasksCar_Prg.o
 .data          0x00800060        0x0 ./main.o
 .data          0x00800060        0x0 c:/users/user/onedrive/desktop/imt_sdk/imt_sdk_win_64/imt_sdk_win_64/winavr/bin/../lib/gcc/avr/4.3.3/avr5\libgcc.a(_udivmodhi4.o)
 .data          0x00800060        0x0 c:/users/user/onedrive/desktop/imt_sdk/imt_sdk_win_64/imt_sdk_win_64/winavr/bin/../lib/gcc/avr/4.3.3/avr5\libgcc.a(_exit.o)
 .data          0x00800060        0x0 c:/users/user/onedrive/desktop/imt_sdk/imt_sdk_win_64/imt_sdk_win_64/winavr/bin/../lib/gcc/avr/4.3.3/avr5\libgcc.a(_clear_bss.o)
 .data          0x00800060        0x0 c:/users/user/onedrive/desktop/imt_sdk/imt_sdk_win_64/imt_sdk_win_64/winavr/bin/../lib/gcc/avr/4.3.3/avr5\libgcc.a(_ashldi3.o)
 .data          0x00800060        0x0 c:/users/user/onedrive/desktop/imt_sdk/imt_sdk_win_64/imt_sdk_win_64/winavr/bin/../lib/gcc/avr/4.3.3/avr5\libgcc.a(_fixunssfsi.o)
 .data          0x00800060        0x0 c:/users/user/onedrive/desktop/imt_sdk/imt_sdk_win_64/imt_sdk_win_64/winavr/bin/../lib/gcc/avr/4.3.3/avr5\libgcc.a(_floatundisf.o)
 .data          0x00800060        0x0 c:/users/user/onedrive/desktop/imt_sdk/imt_sdk_win_64/imt_sdk_win_64/winavr/bin/../lib/gcc/avr/4.3.3/avr5\libgcc.a(_addsub_sf.o)
 .data          0x00800060        0x0 c:/users/user/onedrive/desktop/imt_sdk/imt_sdk_win_64/imt_sdk_win_64/winavr/bin/../lib/gcc/avr/4.3.3/avr5\libgcc.a(_mul_sf.o)
 .data          0x00800060        0x0 c:/users/user/onedrive/desktop/imt_sdk/imt_sdk_win_64/imt_sdk_win_64/winavr/bin/../lib/gcc/avr/4.3.3/avr5\libgcc.a(_div_sf.o)
 .data          0x00800060        0x0 c:/users/user/onedrive/desktop/imt_sdk/imt_sdk_win_64/imt_sdk_win_64/winavr/bin/../lib/gcc/avr/4.3.3/avr5\libgcc.a(_gt_sf.o)
 .data          0x00800060        0x0 c:/users/user/onedrive/desktop/imt_sdk/imt_sdk_win_64/imt_sdk_win_64/winavr/bin/../lib/gcc/avr/4.3.3/avr5\libgcc.a(_ge_sf.o)
 .data          0x00800060        0x0 c:/users/user/onedrive/desktop/imt_sdk/imt_sdk_win_64/imt_sdk_win_64/winavr/bin/../lib/gcc/avr/4.3.3/avr5\libgcc.a(_lt_sf.o)
 .data          0x00800060        0x0 c:/users/user/onedrive/desktop/imt_sdk/imt_sdk_win_64/imt_sdk_win_64/winavr/bin/../lib/gcc/avr/4.3.3/avr5\libgcc.a(_si_to_sf.o)
 .data          0x00800060        0x0 c:/users/user/onedrive/desktop/imt_sdk/imt_sdk_win_64/imt_sdk_win_64/winavr/bin/../lib/gcc/avr/4.3.3/avr5\libgcc.a(_sf_to_si.o)
 .data          0x00800060        0x8 c:/users/user/onedrive/desktop/imt_sdk/imt_sdk_win_64/imt_sdk_win_64/winavr/bin/../lib/gcc/avr/4.3.3/avr5\libgcc.a(_thenan_sf.o)
                0x00800060                __thenan_sf
 .data          0x00800068        0x0 c:/users/user/onedrive/desktop/imt_sdk/imt_sdk_win_64/imt_sdk_win_64/winavr/bin/../lib/gcc/avr/4.3.3/avr5\libgcc.a(_usi_to_sf.o)
 .data          0x00800068        0x0 c:/users/user/onedrive/desktop/imt_sdk/imt_sdk_win_64/imt_sdk_win_64/winavr/bin/../lib/gcc/avr/4.3.3/avr5\libgcc.a(_prologue.o)
 .data          0x00800068        0x0 c:/users/user/onedrive/desktop/imt_sdk/imt_sdk_win_64/imt_sdk_win_64/winavr/bin/../lib/gcc/avr/4.3.3/avr5\libgcc.a(_epilogue.o)
 .data          0x00800068        0x0 c:/users/user/onedrive/desktop/imt_sdk/imt_sdk_win_64/imt_sdk_win_64/winavr/bin/../lib/gcc/avr/4.3.3/avr5\libgcc.a(_copy_data.o)
 .data          0x00800068        0x0 c:/users/user/onedrive/desktop/imt_sdk/imt_sdk_win_64/imt_sdk_win_64/winavr/bin/../lib/gcc/avr/4.3.3/avr5\libgcc.a(_lshrdi3.o)
 .data          0x00800068      0x100 c:/users/user/onedrive/desktop/imt_sdk/imt_sdk_win_64/imt_sdk_win_64/winavr/bin/../lib/gcc/avr/4.3.3/avr5\libgcc.a(_clz.o)
                0x00800068                __clz_tab
 .data          0x00800168        0x0 c:/users/user/onedrive/desktop/imt_sdk/imt_sdk_win_64/imt_sdk_win_64/winavr/bin/../lib/gcc/avr/4.3.3/avr5\libgcc.a(_clzsi2.o)
 .data          0x00800168        0x0 c:/users/user/onedrive/desktop/imt_sdk/imt_sdk_win_64/imt_sdk_win_64/winavr/bin/../lib/gcc/avr/4.3.3/avr5\libgcc.a(_pack_sf.o)
 .data          0x00800168        0x0 c:/users/user/onedrive/desktop/imt_sdk/imt_sdk_win_64/imt_sdk_win_64/winavr/bin/../lib/gcc/avr/4.3.3/avr5\libgcc.a(_unpack_sf.o)
 .data          0x00800168        0x0 c:/users/user/onedrive/desktop/imt_sdk/imt_sdk_win_64/imt_sdk_win_64/winavr/bin/../lib/gcc/avr/4.3.3/avr5\libgcc.a(_fpcmp_parts_sf.o)
 *(.data*)
 *(.rodata)
 *(.rodata*)
 *(.gnu.linkonce.d*)
                0x00800168                . = ALIGN (0x2)
                0x00800168                _edata = .
                0x00800168                PROVIDE (__data_end, .)

.bss            0x00800168       0x44
                0x00800168                PROVIDE (__bss_start, .)
 *(.bss)
 .bss           0x00800168        0x0 c:/users/user/onedrive/desktop/imt_sdk/imt_sdk_win_64/imt_sdk_win_64/winavr/bin/../lib/gcc/avr/4.3.3/../../../../avr/lib/avr5/crtm32.o
 .bss           0x00800168        0x0 ./MCAL_DRIVERS/DIO_prg.o
 .bss           0x00800168        0x0 ./MCAL_DRIVERS/INTERRUPT_prg.o
 .bss           0x00800168        0x0 ./MCAL_DRIVERS/TIMER_PRG.o
 .bss           0x00800168        0x0 ./MCAL_DRIVERS/UART_Prg.o
 .bss           0x00800168        0x0 ./HAL_DRIVERS/BlueTooth_prg.o
 .bss           0x00800168        0x0 ./HAL_DRIVERS/DCMOTOR_PRG.o
 .bss           0x00800168        0x0 ./HAL_DRIVERS/IR_Prg.o
 .bss           0x00800168        0x0 ./HAL_DRIVERS/Servo_Prg.o
 .bss           0x00800168        0x0 ./HAL_DRIVERS/UltraSonic_Prg.o
 .bss           0x00800168        0x0 ./APP_DRIVER/MultipleTasksCar_Prg.o
 .bss           0x00800168        0x0 ./main.o
 .bss           0x00800168        0x0 c:/users/user/onedrive/desktop/imt_sdk/imt_sdk_win_64/imt_sdk_win_64/winavr/bin/../lib/gcc/avr/4.3.3/avr5\libgcc.a(_udivmodhi4.o)
 .bss           0x00800168        0x0 c:/users/user/onedrive/desktop/imt_sdk/imt_sdk_win_64/imt_sdk_win_64/winavr/bin/../lib/gcc/avr/4.3.3/avr5\libgcc.a(_exit.o)
 .bss           0x00800168        0x0 c:/users/user/onedrive/desktop/imt_sdk/imt_sdk_win_64/imt_sdk_win_64/winavr/bin/../lib/gcc/avr/4.3.3/avr5\libgcc.a(_clear_bss.o)
 .bss           0x00800168        0x0 c:/users/user/onedrive/desktop/imt_sdk/imt_sdk_win_64/imt_sdk_win_64/winavr/bin/../lib/gcc/avr/4.3.3/avr5\libgcc.a(_ashldi3.o)
 .bss           0x00800168        0x0 c:/users/user/onedrive/desktop/imt_sdk/imt_sdk_win_64/imt_sdk_win_64/winavr/bin/../lib/gcc/avr/4.3.3/avr5\libgcc.a(_fixunssfsi.o)
 .bss           0x00800168        0x0 c:/users/user/onedrive/desktop/imt_sdk/imt_sdk_win_64/imt_sdk_win_64/winavr/bin/../lib/gcc/avr/4.3.3/avr5\libgcc.a(_floatundisf.o)
 .bss           0x00800168        0x0 c:/users/user/onedrive/desktop/imt_sdk/imt_sdk_win_64/imt_sdk_win_64/winavr/bin/../lib/gcc/avr/4.3.3/avr5\libgcc.a(_addsub_sf.o)
 .bss           0x00800168        0x0 c:/users/user/onedrive/desktop/imt_sdk/imt_sdk_win_64/imt_sdk_win_64/winavr/bin/../lib/gcc/avr/4.3.3/avr5\libgcc.a(_mul_sf.o)
 .bss           0x00800168        0x0 c:/users/user/onedrive/desktop/imt_sdk/imt_sdk_win_64/imt_sdk_win_64/winavr/bin/../lib/gcc/avr/4.3.3/avr5\libgcc.a(_div_sf.o)
 .bss           0x00800168        0x0 c:/users/user/onedrive/desktop/imt_sdk/imt_sdk_win_64/imt_sdk_win_64/winavr/bin/../lib/gcc/avr/4.3.3/avr5\libgcc.a(_gt_sf.o)
 .bss           0x00800168        0x0 c:/users/user/onedrive/desktop/imt_sdk/imt_sdk_win_64/imt_sdk_win_64/winavr/bin/../lib/gcc/avr/4.3.3/avr5\libgcc.a(_ge_sf.o)
 .bss           0x00800168        0x0 c:/users/user/onedrive/desktop/imt_sdk/imt_sdk_win_64/imt_sdk_win_64/winavr/bin/../lib/gcc/avr/4.3.3/avr5\libgcc.a(_lt_sf.o)
 .bss           0x00800168        0x0 c:/users/user/onedrive/desktop/imt_sdk/imt_sdk_win_64/imt_sdk_win_64/winavr/bin/../lib/gcc/avr/4.3.3/avr5\libgcc.a(_si_to_sf.o)
 .bss           0x00800168        0x0 c:/users/user/onedrive/desktop/imt_sdk/imt_sdk_win_64/imt_sdk_win_64/winavr/bin/../lib/gcc/avr/4.3.3/avr5\libgcc.a(_sf_to_si.o)
 .bss           0x00800168        0x0 c:/users/user/onedrive/desktop/imt_sdk/imt_sdk_win_64/imt_sdk_win_64/winavr/bin/../lib/gcc/avr/4.3.3/avr5\libgcc.a(_thenan_sf.o)
 .bss           0x00800168        0x0 c:/users/user/onedrive/desktop/imt_sdk/imt_sdk_win_64/imt_sdk_win_64/winavr/bin/../lib/gcc/avr/4.3.3/avr5\libgcc.a(_usi_to_sf.o)
 .bss           0x00800168        0x0 c:/users/user/onedrive/desktop/imt_sdk/imt_sdk_win_64/imt_sdk_win_64/winavr/bin/../lib/gcc/avr/4.3.3/avr5\libgcc.a(_prologue.o)
 .bss           0x00800168        0x0 c:/users/user/onedrive/desktop/imt_sdk/imt_sdk_win_64/imt_sdk_win_64/winavr/bin/../lib/gcc/avr/4.3.3/avr5\libgcc.a(_epilogue.o)
 .bss           0x00800168        0x0 c:/users/user/onedrive/desktop/imt_sdk/imt_sdk_win_64/imt_sdk_win_64/winavr/bin/../lib/gcc/avr/4.3.3/avr5\libgcc.a(_copy_data.o)
 .bss           0x00800168        0x0 c:/users/user/onedrive/desktop/imt_sdk/imt_sdk_win_64/imt_sdk_win_64/winavr/bin/../lib/gcc/avr/4.3.3/avr5\libgcc.a(_lshrdi3.o)
 .bss           0x00800168        0x0 c:/users/user/onedrive/desktop/imt_sdk/imt_sdk_win_64/imt_sdk_win_64/winavr/bin/../lib/gcc/avr/4.3.3/avr5\libgcc.a(_clz.o)
 .bss           0x00800168        0x0 c:/users/user/onedrive/desktop/imt_sdk/imt_sdk_win_64/imt_sdk_win_64/winavr/bin/../lib/gcc/avr/4.3.3/avr5\libgcc.a(_clzsi2.o)
 .bss           0x00800168        0x0 c:/users/user/onedrive/desktop/imt_sdk/imt_sdk_win_64/imt_sdk_win_64/winavr/bin/../lib/gcc/avr/4.3.3/avr5\libgcc.a(_pack_sf.o)
 .bss           0x00800168        0x0 c:/users/user/onedrive/desktop/imt_sdk/imt_sdk_win_64/imt_sdk_win_64/winavr/bin/../lib/gcc/avr/4.3.3/avr5\libgcc.a(_unpack_sf.o)
 .bss           0x00800168        0x0 c:/users/user/onedrive/desktop/imt_sdk/imt_sdk_win_64/imt_sdk_win_64/winavr/bin/../lib/gcc/avr/4.3.3/avr5\libgcc.a(_fpcmp_parts_sf.o)
 *(.bss*)
 .bss.TIMER0_PFUNC
                0x00800168        0x2 ./MCAL_DRIVERS/TIMER_PRG.o
 .bss.TIMER1_PFUNC
                0x0080016a        0x2 ./MCAL_DRIVERS/TIMER_PRG.o
 .bss.TIMER2_PFUNC
                0x0080016c        0x2 ./MCAL_DRIVERS/TIMER_PRG.o
 .bss.tick.1779
                0x0080016e        0x2 ./MCAL_DRIVERS/TIMER_PRG.o
 .bss.Timer1_IcuCallBack
                0x00800170        0x2 ./MCAL_DRIVERS/TIMER_PRG.o
 .bss.DESIRED_TIME_TIMER0
                0x00800172        0x8 ./MCAL_DRIVERS/TIMER_PRG.o
 .bss.PRE_SCALAR_TIMER0
                0x0080017a        0x2 ./MCAL_DRIVERS/TIMER_PRG.o
 .bss.T_OV_TIMER0
                0x0080017c        0x4 ./MCAL_DRIVERS/TIMER_PRG.o
 .bss.NUM_OV_TIMER0
                0x00800180        0x4 ./MCAL_DRIVERS/TIMER_PRG.o
 .bss.PRE_LOAD_TIMER0
                0x00800184        0x4 ./MCAL_DRIVERS/TIMER_PRG.o
 .bss.PRE_SCALAR_TIMER1
                0x00800188        0x2 ./MCAL_DRIVERS/TIMER_PRG.o
 .bss.DESIRED_TIME_TIMER2
                0x0080018a        0x8 ./MCAL_DRIVERS/TIMER_PRG.o
 .bss.PRE_SCALAR_TIMER2
                0x00800192        0x2 ./MCAL_DRIVERS/TIMER_PRG.o
 .bss.T_OV_TIMER2
                0x00800194        0x4 ./MCAL_DRIVERS/TIMER_PRG.o
 .bss.NUM_OV_TIMER2
                0x00800198        0x4 ./MCAL_DRIVERS/TIMER_PRG.o
 .bss.PRE_LOAD_TIMER2
                0x0080019c        0x4 ./MCAL_DRIVERS/TIMER_PRG.o
 .bss.UART_Ptr  0x008001a0        0x2 ./MCAL_DRIVERS/UART_Prg.o
 .bss.g_edgeCount
                0x008001a2        0x1 ./HAL_DRIVERS/UltraSonic_Prg.o
 .bss.g_timeHigh
                0x008001a3        0x2 ./HAL_DRIVERS/UltraSonic_Prg.o
 .bss.g_distance
                0x008001a5        0x1 ./HAL_DRIVERS/UltraSonic_Prg.o
 .bss.distance.1437
                0x008001a6        0x2 ./APP_DRIVER/MultipleTasksCar_Prg.o
 .bss.ActualPoint.1571
                0x008001a8        0x2 ./APP_DRIVER/MultipleTasksCar_Prg.o
 .bss.TargerPoint.1570
                0x008001aa        0x2 ./APP_DRIVER/MultipleTasksCar_Prg.o
 *(COMMON)
                0x008001ac                PROVIDE (__bss_end, .)
                0x000058ac                __data_load_start = LOADADDR (.data)
                0x000059b4                __data_load_end = (__data_load_start + SIZEOF (.data))

.noinit         0x008001ac        0x0
                0x008001ac                PROVIDE (__noinit_start, .)
 *(.noinit*)
                0x008001ac                PROVIDE (__noinit_end, .)
                0x008001ac                _end = .
                0x008001ac                PROVIDE (__heap_start, .)

.eeprom         0x00810000        0x0
 *(.eeprom*)
                0x00810000                __eeprom_end = .

.fuse
 *(.fuse)
 *(.lfuse)
 *(.hfuse)
 *(.efuse)

.lock
 *(.lock*)

.signature
 *(.signature*)

.stab           0x00000000     0x44b8
 *(.stab)
 .stab          0x00000000      0x510 ./MCAL_DRIVERS/DIO_prg.o
 .stab          0x00000510      0x144 ./MCAL_DRIVERS/INTERRUPT_prg.o
                                0x1e0 (size before relaxing)
 .stab          0x00000654      0xd08 ./MCAL_DRIVERS/TIMER_PRG.o
                                0xd14 (size before relaxing)
 .stab          0x0000135c      0x690 ./MCAL_DRIVERS/UART_Prg.o
                                0x72c (size before relaxing)
 .stab          0x000019ec      0x300 ./HAL_DRIVERS/BlueTooth_prg.o
                                0x30c (size before relaxing)
 .stab          0x00001cec      0x330 ./HAL_DRIVERS/DCMOTOR_PRG.o
                                0x4c8 (size before relaxing)
 .stab          0x0000201c      0x144 ./HAL_DRIVERS/IR_Prg.o
                                0x36c (size before relaxing)
 .stab          0x00002160      0x45c ./HAL_DRIVERS/Servo_Prg.o
                                0x690 (size before relaxing)
 .stab          0x000025bc      0x3f0 ./HAL_DRIVERS/UltraSonic_Prg.o
                                0x618 (size before relaxing)
 .stab          0x000029ac     0x18fc ./APP_DRIVER/MultipleTasksCar_Prg.o
                               0x1aa0 (size before relaxing)
 .stab          0x000042a8      0x210 ./main.o
                                0x444 (size before relaxing)

.stabstr        0x00000000     0x1a56
 *(.stabstr)
 .stabstr       0x00000000     0x1a56 ./MCAL_DRIVERS/DIO_prg.o

.stab.excl
 *(.stab.excl)

.stab.exclstr
 *(.stab.exclstr)

.stab.index
 *(.stab.index)

.stab.indexstr
 *(.stab.indexstr)

.comment
 *(.comment)

.debug
 *(.debug)

.line
 *(.line)

.debug_srcinfo
 *(.debug_srcinfo)

.debug_sfnames
 *(.debug_sfnames)

.debug_aranges  0x00000000      0x220
 *(.debug_aranges)
 .debug_aranges
                0x00000000       0x20 c:/users/user/onedrive/desktop/imt_sdk/imt_sdk_win_64/imt_sdk_win_64/winavr/bin/../lib/gcc/avr/4.3.3/avr5\libgcc.a(_ashldi3.o)
 .debug_aranges
                0x00000020       0x20 c:/users/user/onedrive/desktop/imt_sdk/imt_sdk_win_64/imt_sdk_win_64/winavr/bin/../lib/gcc/avr/4.3.3/avr5\libgcc.a(_fixunssfsi.o)
 .debug_aranges
                0x00000040       0x20 c:/users/user/onedrive/desktop/imt_sdk/imt_sdk_win_64/imt_sdk_win_64/winavr/bin/../lib/gcc/avr/4.3.3/avr5\libgcc.a(_floatundisf.o)
 .debug_aranges
                0x00000060       0x20 c:/users/user/onedrive/desktop/imt_sdk/imt_sdk_win_64/imt_sdk_win_64/winavr/bin/../lib/gcc/avr/4.3.3/avr5\libgcc.a(_addsub_sf.o)
 .debug_aranges
                0x00000080       0x20 c:/users/user/onedrive/desktop/imt_sdk/imt_sdk_win_64/imt_sdk_win_64/winavr/bin/../lib/gcc/avr/4.3.3/avr5\libgcc.a(_mul_sf.o)
 .debug_aranges
                0x000000a0       0x20 c:/users/user/onedrive/desktop/imt_sdk/imt_sdk_win_64/imt_sdk_win_64/winavr/bin/../lib/gcc/avr/4.3.3/avr5\libgcc.a(_div_sf.o)
 .debug_aranges
                0x000000c0       0x20 c:/users/user/onedrive/desktop/imt_sdk/imt_sdk_win_64/imt_sdk_win_64/winavr/bin/../lib/gcc/avr/4.3.3/avr5\libgcc.a(_gt_sf.o)
 .debug_aranges
                0x000000e0       0x20 c:/users/user/onedrive/desktop/imt_sdk/imt_sdk_win_64/imt_sdk_win_64/winavr/bin/../lib/gcc/avr/4.3.3/avr5\libgcc.a(_ge_sf.o)
 .debug_aranges
                0x00000100       0x20 c:/users/user/onedrive/desktop/imt_sdk/imt_sdk_win_64/imt_sdk_win_64/winavr/bin/../lib/gcc/avr/4.3.3/avr5\libgcc.a(_lt_sf.o)
 .debug_aranges
                0x00000120       0x20 c:/users/user/onedrive/desktop/imt_sdk/imt_sdk_win_64/imt_sdk_win_64/winavr/bin/../lib/gcc/avr/4.3.3/avr5\libgcc.a(_si_to_sf.o)
 .debug_aranges
                0x00000140       0x20 c:/users/user/onedrive/desktop/imt_sdk/imt_sdk_win_64/imt_sdk_win_64/winavr/bin/../lib/gcc/avr/4.3.3/avr5\libgcc.a(_sf_to_si.o)
 .debug_aranges
                0x00000160       0x20 c:/users/user/onedrive/desktop/imt_sdk/imt_sdk_win_64/imt_sdk_win_64/winavr/bin/../lib/gcc/avr/4.3.3/avr5\libgcc.a(_usi_to_sf.o)
 .debug_aranges
                0x00000180       0x20 c:/users/user/onedrive/desktop/imt_sdk/imt_sdk_win_64/imt_sdk_win_64/winavr/bin/../lib/gcc/avr/4.3.3/avr5\libgcc.a(_lshrdi3.o)
 .debug_aranges
                0x000001a0       0x20 c:/users/user/onedrive/desktop/imt_sdk/imt_sdk_win_64/imt_sdk_win_64/winavr/bin/../lib/gcc/avr/4.3.3/avr5\libgcc.a(_clzsi2.o)
 .debug_aranges
                0x000001c0       0x20 c:/users/user/onedrive/desktop/imt_sdk/imt_sdk_win_64/imt_sdk_win_64/winavr/bin/../lib/gcc/avr/4.3.3/avr5\libgcc.a(_pack_sf.o)
 .debug_aranges
                0x000001e0       0x20 c:/users/user/onedrive/desktop/imt_sdk/imt_sdk_win_64/imt_sdk_win_64/winavr/bin/../lib/gcc/avr/4.3.3/avr5\libgcc.a(_unpack_sf.o)
 .debug_aranges
                0x00000200       0x20 c:/users/user/onedrive/desktop/imt_sdk/imt_sdk_win_64/imt_sdk_win_64/winavr/bin/../lib/gcc/avr/4.3.3/avr5\libgcc.a(_fpcmp_parts_sf.o)

.debug_pubnames
                0x00000000      0x278
 *(.debug_pubnames)
 .debug_pubnames
                0x00000000       0x20 c:/users/user/onedrive/desktop/imt_sdk/imt_sdk_win_64/imt_sdk_win_64/winavr/bin/../lib/gcc/avr/4.3.3/avr5\libgcc.a(_ashldi3.o)
 .debug_pubnames
                0x00000020       0x23 c:/users/user/onedrive/desktop/imt_sdk/imt_sdk_win_64/imt_sdk_win_64/winavr/bin/../lib/gcc/avr/4.3.3/avr5\libgcc.a(_fixunssfsi.o)
 .debug_pubnames
                0x00000043       0x24 c:/users/user/onedrive/desktop/imt_sdk/imt_sdk_win_64/imt_sdk_win_64/winavr/bin/../lib/gcc/avr/4.3.3/avr5\libgcc.a(_floatundisf.o)
 .debug_pubnames
                0x00000067       0x2c c:/users/user/onedrive/desktop/imt_sdk/imt_sdk_win_64/imt_sdk_win_64/winavr/bin/../lib/gcc/avr/4.3.3/avr5\libgcc.a(_addsub_sf.o)
 .debug_pubnames
                0x00000093       0x1f c:/users/user/onedrive/desktop/imt_sdk/imt_sdk_win_64/imt_sdk_win_64/winavr/bin/../lib/gcc/avr/4.3.3/avr5\libgcc.a(_mul_sf.o)
 .debug_pubnames
                0x000000b2       0x1f c:/users/user/onedrive/desktop/imt_sdk/imt_sdk_win_64/imt_sdk_win_64/winavr/bin/../lib/gcc/avr/4.3.3/avr5\libgcc.a(_div_sf.o)
 .debug_pubnames
                0x000000d1       0x1e c:/users/user/onedrive/desktop/imt_sdk/imt_sdk_win_64/imt_sdk_win_64/winavr/bin/../lib/gcc/avr/4.3.3/avr5\libgcc.a(_gt_sf.o)
 .debug_pubnames
                0x000000ef       0x1e c:/users/user/onedrive/desktop/imt_sdk/imt_sdk_win_64/imt_sdk_win_64/winavr/bin/../lib/gcc/avr/4.3.3/avr5\libgcc.a(_ge_sf.o)
 .debug_pubnames
                0x0000010d       0x1e c:/users/user/onedrive/desktop/imt_sdk/imt_sdk_win_64/imt_sdk_win_64/winavr/bin/../lib/gcc/avr/4.3.3/avr5\libgcc.a(_lt_sf.o)
 .debug_pubnames
                0x0000012b       0x22 c:/users/user/onedrive/desktop/imt_sdk/imt_sdk_win_64/imt_sdk_win_64/winavr/bin/../lib/gcc/avr/4.3.3/avr5\libgcc.a(_si_to_sf.o)
 .debug_pubnames
                0x0000014d       0x20 c:/users/user/onedrive/desktop/imt_sdk/imt_sdk_win_64/imt_sdk_win_64/winavr/bin/../lib/gcc/avr/4.3.3/avr5\libgcc.a(_sf_to_si.o)
 .debug_pubnames
                0x0000016d       0x22 c:/users/user/onedrive/desktop/imt_sdk/imt_sdk_win_64/imt_sdk_win_64/winavr/bin/../lib/gcc/avr/4.3.3/avr5\libgcc.a(_thenan_sf.o)
 .debug_pubnames
                0x0000018f       0x24 c:/users/user/onedrive/desktop/imt_sdk/imt_sdk_win_64/imt_sdk_win_64/winavr/bin/../lib/gcc/avr/4.3.3/avr5\libgcc.a(_usi_to_sf.o)
 .debug_pubnames
                0x000001b3       0x20 c:/users/user/onedrive/desktop/imt_sdk/imt_sdk_win_64/imt_sdk_win_64/winavr/bin/../lib/gcc/avr/4.3.3/avr5\libgcc.a(_lshrdi3.o)
 .debug_pubnames
                0x000001d3       0x20 c:/users/user/onedrive/desktop/imt_sdk/imt_sdk_win_64/imt_sdk_win_64/winavr/bin/../lib/gcc/avr/4.3.3/avr5\libgcc.a(_clz.o)
 .debug_pubnames
                0x000001f3       0x1f c:/users/user/onedrive/desktop/imt_sdk/imt_sdk_win_64/imt_sdk_win_64/winavr/bin/../lib/gcc/avr/4.3.3/avr5\libgcc.a(_clzsi2.o)
 .debug_pubnames
                0x00000212       0x1f c:/users/user/onedrive/desktop/imt_sdk/imt_sdk_win_64/imt_sdk_win_64/winavr/bin/../lib/gcc/avr/4.3.3/avr5\libgcc.a(_pack_sf.o)
 .debug_pubnames
                0x00000231       0x21 c:/users/user/onedrive/desktop/imt_sdk/imt_sdk_win_64/imt_sdk_win_64/winavr/bin/../lib/gcc/avr/4.3.3/avr5\libgcc.a(_unpack_sf.o)
 .debug_pubnames
                0x00000252       0x26 c:/users/user/onedrive/desktop/imt_sdk/imt_sdk_win_64/imt_sdk_win_64/winavr/bin/../lib/gcc/avr/4.3.3/avr5\libgcc.a(_fpcmp_parts_sf.o)

.debug_info     0x00000000     0x2a72
 *(.debug_info)
 .debug_info    0x00000000      0x17f c:/users/user/onedrive/desktop/imt_sdk/imt_sdk_win_64/imt_sdk_win_64/winavr/bin/../lib/gcc/avr/4.3.3/avr5\libgcc.a(_ashldi3.o)
 .debug_info    0x0000017f       0xb1 c:/users/user/onedrive/desktop/imt_sdk/imt_sdk_win_64/imt_sdk_win_64/winavr/bin/../lib/gcc/avr/4.3.3/avr5\libgcc.a(_fixunssfsi.o)
 .debug_info    0x00000230      0x162 c:/users/user/onedrive/desktop/imt_sdk/imt_sdk_win_64/imt_sdk_win_64/winavr/bin/../lib/gcc/avr/4.3.3/avr5\libgcc.a(_floatundisf.o)
 .debug_info    0x00000392      0x47a c:/users/user/onedrive/desktop/imt_sdk/imt_sdk_win_64/imt_sdk_win_64/winavr/bin/../lib/gcc/avr/4.3.3/avr5\libgcc.a(_addsub_sf.o)
 .debug_info    0x0000080c      0x485 c:/users/user/onedrive/desktop/imt_sdk/imt_sdk_win_64/imt_sdk_win_64/winavr/bin/../lib/gcc/avr/4.3.3/avr5\libgcc.a(_mul_sf.o)
 .debug_info    0x00000c91      0x3fc c:/users/user/onedrive/desktop/imt_sdk/imt_sdk_win_64/imt_sdk_win_64/winavr/bin/../lib/gcc/avr/4.3.3/avr5\libgcc.a(_div_sf.o)
 .debug_info    0x0000108d      0x27f c:/users/user/onedrive/desktop/imt_sdk/imt_sdk_win_64/imt_sdk_win_64/winavr/bin/../lib/gcc/avr/4.3.3/avr5\libgcc.a(_gt_sf.o)
 .debug_info    0x0000130c      0x27f c:/users/user/onedrive/desktop/imt_sdk/imt_sdk_win_64/imt_sdk_win_64/winavr/bin/../lib/gcc/avr/4.3.3/avr5\libgcc.a(_ge_sf.o)
 .debug_info    0x0000158b      0x27f c:/users/user/onedrive/desktop/imt_sdk/imt_sdk_win_64/imt_sdk_win_64/winavr/bin/../lib/gcc/avr/4.3.3/avr5\libgcc.a(_lt_sf.o)
 .debug_info    0x0000180a      0x207 c:/users/user/onedrive/desktop/imt_sdk/imt_sdk_win_64/imt_sdk_win_64/winavr/bin/../lib/gcc/avr/4.3.3/avr5\libgcc.a(_si_to_sf.o)
 .debug_info    0x00001a11      0x2b0 c:/users/user/onedrive/desktop/imt_sdk/imt_sdk_win_64/imt_sdk_win_64/winavr/bin/../lib/gcc/avr/4.3.3/avr5\libgcc.a(_sf_to_si.o)
 .debug_info    0x00001cc1      0x12c c:/users/user/onedrive/desktop/imt_sdk/imt_sdk_win_64/imt_sdk_win_64/winavr/bin/../lib/gcc/avr/4.3.3/avr5\libgcc.a(_thenan_sf.o)
 .debug_info    0x00001ded      0x206 c:/users/user/onedrive/desktop/imt_sdk/imt_sdk_win_64/imt_sdk_win_64/winavr/bin/../lib/gcc/avr/4.3.3/avr5\libgcc.a(_usi_to_sf.o)
 .debug_info    0x00001ff3      0x17f c:/users/user/onedrive/desktop/imt_sdk/imt_sdk_win_64/imt_sdk_win_64/winavr/bin/../lib/gcc/avr/4.3.3/avr5\libgcc.a(_lshrdi3.o)
 .debug_info    0x00002172       0xa9 c:/users/user/onedrive/desktop/imt_sdk/imt_sdk_win_64/imt_sdk_win_64/winavr/bin/../lib/gcc/avr/4.3.3/avr5\libgcc.a(_clz.o)
 .debug_info    0x0000221b      0x117 c:/users/user/onedrive/desktop/imt_sdk/imt_sdk_win_64/imt_sdk_win_64/winavr/bin/../lib/gcc/avr/4.3.3/avr5\libgcc.a(_clzsi2.o)
 .debug_info    0x00002332      0x2df c:/users/user/onedrive/desktop/imt_sdk/imt_sdk_win_64/imt_sdk_win_64/winavr/bin/../lib/gcc/avr/4.3.3/avr5\libgcc.a(_pack_sf.o)
 .debug_info    0x00002611      0x251 c:/users/user/onedrive/desktop/imt_sdk/imt_sdk_win_64/imt_sdk_win_64/winavr/bin/../lib/gcc/avr/4.3.3/avr5\libgcc.a(_unpack_sf.o)
 .debug_info    0x00002862      0x210 c:/users/user/onedrive/desktop/imt_sdk/imt_sdk_win_64/imt_sdk_win_64/winavr/bin/../lib/gcc/avr/4.3.3/avr5\libgcc.a(_fpcmp_parts_sf.o)
 *(.gnu.linkonce.wi.*)

.debug_abbrev   0x00000000     0x177d
 *(.debug_abbrev)
 .debug_abbrev  0x00000000       0xee c:/users/user/onedrive/desktop/imt_sdk/imt_sdk_win_64/imt_sdk_win_64/winavr/bin/../lib/gcc/avr/4.3.3/avr5\libgcc.a(_ashldi3.o)
 .debug_abbrev  0x000000ee       0x5d c:/users/user/onedrive/desktop/imt_sdk/imt_sdk_win_64/imt_sdk_win_64/winavr/bin/../lib/gcc/avr/4.3.3/avr5\libgcc.a(_fixunssfsi.o)
 .debug_abbrev  0x0000014b       0xd3 c:/users/user/onedrive/desktop/imt_sdk/imt_sdk_win_64/imt_sdk_win_64/winavr/bin/../lib/gcc/avr/4.3.3/avr5\libgcc.a(_floatundisf.o)
 .debug_abbrev  0x0000021e      0x1ea c:/users/user/onedrive/desktop/imt_sdk/imt_sdk_win_64/imt_sdk_win_64/winavr/bin/../lib/gcc/avr/4.3.3/avr5\libgcc.a(_addsub_sf.o)
 .debug_abbrev  0x00000408      0x21b c:/users/user/onedrive/desktop/imt_sdk/imt_sdk_win_64/imt_sdk_win_64/winavr/bin/../lib/gcc/avr/4.3.3/avr5\libgcc.a(_mul_sf.o)
 .debug_abbrev  0x00000623      0x216 c:/users/user/onedrive/desktop/imt_sdk/imt_sdk_win_64/imt_sdk_win_64/winavr/bin/../lib/gcc/avr/4.3.3/avr5\libgcc.a(_div_sf.o)
 .debug_abbrev  0x00000839      0x15a c:/users/user/onedrive/desktop/imt_sdk/imt_sdk_win_64/imt_sdk_win_64/winavr/bin/../lib/gcc/avr/4.3.3/avr5\libgcc.a(_gt_sf.o)
 .debug_abbrev  0x00000993      0x15a c:/users/user/onedrive/desktop/imt_sdk/imt_sdk_win_64/imt_sdk_win_64/winavr/bin/../lib/gcc/avr/4.3.3/avr5\libgcc.a(_ge_sf.o)
 .debug_abbrev  0x00000aed      0x15a c:/users/user/onedrive/desktop/imt_sdk/imt_sdk_win_64/imt_sdk_win_64/winavr/bin/../lib/gcc/avr/4.3.3/avr5\libgcc.a(_lt_sf.o)
 .debug_abbrev  0x00000c47      0x148 c:/users/user/onedrive/desktop/imt_sdk/imt_sdk_win_64/imt_sdk_win_64/winavr/bin/../lib/gcc/avr/4.3.3/avr5\libgcc.a(_si_to_sf.o)
 .debug_abbrev  0x00000d8f      0x17f c:/users/user/onedrive/desktop/imt_sdk/imt_sdk_win_64/imt_sdk_win_64/winavr/bin/../lib/gcc/avr/4.3.3/avr5\libgcc.a(_sf_to_si.o)
 .debug_abbrev  0x00000f0e       0xad c:/users/user/onedrive/desktop/imt_sdk/imt_sdk_win_64/imt_sdk_win_64/winavr/bin/../lib/gcc/avr/4.3.3/avr5\libgcc.a(_thenan_sf.o)
 .debug_abbrev  0x00000fbb      0x157 c:/users/user/onedrive/desktop/imt_sdk/imt_sdk_win_64/imt_sdk_win_64/winavr/bin/../lib/gcc/avr/4.3.3/avr5\libgcc.a(_usi_to_sf.o)
 .debug_abbrev  0x00001112       0xee c:/users/user/onedrive/desktop/imt_sdk/imt_sdk_win_64/imt_sdk_win_64/winavr/bin/../lib/gcc/avr/4.3.3/avr5\libgcc.a(_lshrdi3.o)
 .debug_abbrev  0x00001200       0x6a c:/users/user/onedrive/desktop/imt_sdk/imt_sdk_win_64/imt_sdk_win_64/winavr/bin/../lib/gcc/avr/4.3.3/avr5\libgcc.a(_clz.o)
 .debug_abbrev  0x0000126a       0xc4 c:/users/user/onedrive/desktop/imt_sdk/imt_sdk_win_64/imt_sdk_win_64/winavr/bin/../lib/gcc/avr/4.3.3/avr5\libgcc.a(_clzsi2.o)
 .debug_abbrev  0x0000132e      0x1c0 c:/users/user/onedrive/desktop/imt_sdk/imt_sdk_win_64/imt_sdk_win_64/winavr/bin/../lib/gcc/avr/4.3.3/avr5\libgcc.a(_pack_sf.o)
 .debug_abbrev  0x000014ee      0x154 c:/users/user/onedrive/desktop/imt_sdk/imt_sdk_win_64/imt_sdk_win_64/winavr/bin/../lib/gcc/avr/4.3.3/avr5\libgcc.a(_unpack_sf.o)
 .debug_abbrev  0x00001642      0x13b c:/users/user/onedrive/desktop/imt_sdk/imt_sdk_win_64/imt_sdk_win_64/winavr/bin/../lib/gcc/avr/4.3.3/avr5\libgcc.a(_fpcmp_parts_sf.o)

.debug_line     0x00000000     0x15b6
 *(.debug_line)
 .debug_line    0x00000000       0xd7 c:/users/user/onedrive/desktop/imt_sdk/imt_sdk_win_64/imt_sdk_win_64/winavr/bin/../lib/gcc/avr/4.3.3/avr5\libgcc.a(_ashldi3.o)
 .debug_line    0x000000d7       0xa7 c:/users/user/onedrive/desktop/imt_sdk/imt_sdk_win_64/imt_sdk_win_64/winavr/bin/../lib/gcc/avr/4.3.3/avr5\libgcc.a(_fixunssfsi.o)
 .debug_line    0x0000017e       0xfd c:/users/user/onedrive/desktop/imt_sdk/imt_sdk_win_64/imt_sdk_win_64/winavr/bin/../lib/gcc/avr/4.3.3/avr5\libgcc.a(_floatundisf.o)
 .debug_line    0x0000027b      0x2af c:/users/user/onedrive/desktop/imt_sdk/imt_sdk_win_64/imt_sdk_win_64/winavr/bin/../lib/gcc/avr/4.3.3/avr5\libgcc.a(_addsub_sf.o)
 .debug_line    0x0000052a      0x239 c:/users/user/onedrive/desktop/imt_sdk/imt_sdk_win_64/imt_sdk_win_64/winavr/bin/../lib/gcc/avr/4.3.3/avr5\libgcc.a(_mul_sf.o)
 .debug_line    0x00000763      0x1d5 c:/users/user/onedrive/desktop/imt_sdk/imt_sdk_win_64/imt_sdk_win_64/winavr/bin/../lib/gcc/avr/4.3.3/avr5\libgcc.a(_div_sf.o)
 .debug_line    0x00000938       0xd3 c:/users/user/onedrive/desktop/imt_sdk/imt_sdk_win_64/imt_sdk_win_64/winavr/bin/../lib/gcc/avr/4.3.3/avr5\libgcc.a(_gt_sf.o)
 .debug_line    0x00000a0b       0xd3 c:/users/user/onedrive/desktop/imt_sdk/imt_sdk_win_64/imt_sdk_win_64/winavr/bin/../lib/gcc/avr/4.3.3/avr5\libgcc.a(_ge_sf.o)
 .debug_line    0x00000ade       0xd3 c:/users/user/onedrive/desktop/imt_sdk/imt_sdk_win_64/imt_sdk_win_64/winavr/bin/../lib/gcc/avr/4.3.3/avr5\libgcc.a(_lt_sf.o)
 .debug_line    0x00000bb1      0x135 c:/users/user/onedrive/desktop/imt_sdk/imt_sdk_win_64/imt_sdk_win_64/winavr/bin/../lib/gcc/avr/4.3.3/avr5\libgcc.a(_si_to_sf.o)
 .debug_line    0x00000ce6      0x109 c:/users/user/onedrive/desktop/imt_sdk/imt_sdk_win_64/imt_sdk_win_64/winavr/bin/../lib/gcc/avr/4.3.3/avr5\libgcc.a(_sf_to_si.o)
 .debug_line    0x00000def       0x90 c:/users/user/onedrive/desktop/imt_sdk/imt_sdk_win_64/imt_sdk_win_64/winavr/bin/../lib/gcc/avr/4.3.3/avr5\libgcc.a(_thenan_sf.o)
 .debug_line    0x00000e7f      0x133 c:/users/user/onedrive/desktop/imt_sdk/imt_sdk_win_64/imt_sdk_win_64/winavr/bin/../lib/gcc/avr/4.3.3/avr5\libgcc.a(_usi_to_sf.o)
 .debug_line    0x00000fb2       0xd7 c:/users/user/onedrive/desktop/imt_sdk/imt_sdk_win_64/imt_sdk_win_64/winavr/bin/../lib/gcc/avr/4.3.3/avr5\libgcc.a(_lshrdi3.o)
 .debug_line    0x00001089       0x7c c:/users/user/onedrive/desktop/imt_sdk/imt_sdk_win_64/imt_sdk_win_64/winavr/bin/../lib/gcc/avr/4.3.3/avr5\libgcc.a(_clz.o)
 .debug_line    0x00001105       0xa5 c:/users/user/onedrive/desktop/imt_sdk/imt_sdk_win_64/imt_sdk_win_64/winavr/bin/../lib/gcc/avr/4.3.3/avr5\libgcc.a(_clzsi2.o)
 .debug_line    0x000011aa      0x18a c:/users/user/onedrive/desktop/imt_sdk/imt_sdk_win_64/imt_sdk_win_64/winavr/bin/../lib/gcc/avr/4.3.3/avr5\libgcc.a(_pack_sf.o)
 .debug_line    0x00001334      0x14b c:/users/user/onedrive/desktop/imt_sdk/imt_sdk_win_64/imt_sdk_win_64/winavr/bin/../lib/gcc/avr/4.3.3/avr5\libgcc.a(_unpack_sf.o)
 .debug_line    0x0000147f      0x137 c:/users/user/onedrive/desktop/imt_sdk/imt_sdk_win_64/imt_sdk_win_64/winavr/bin/../lib/gcc/avr/4.3.3/avr5\libgcc.a(_fpcmp_parts_sf.o)

.debug_frame    0x00000000      0x240
 *(.debug_frame)
 .debug_frame   0x00000000       0x20 c:/users/user/onedrive/desktop/imt_sdk/imt_sdk_win_64/imt_sdk_win_64/winavr/bin/../lib/gcc/avr/4.3.3/avr5\libgcc.a(_ashldi3.o)
 .debug_frame   0x00000020       0x20 c:/users/user/onedrive/desktop/imt_sdk/imt_sdk_win_64/imt_sdk_win_64/winavr/bin/../lib/gcc/avr/4.3.3/avr5\libgcc.a(_fixunssfsi.o)
 .debug_frame   0x00000040       0x20 c:/users/user/onedrive/desktop/imt_sdk/imt_sdk_win_64/imt_sdk_win_64/winavr/bin/../lib/gcc/avr/4.3.3/avr5\libgcc.a(_floatundisf.o)
 .debug_frame   0x00000060       0x40 c:/users/user/onedrive/desktop/imt_sdk/imt_sdk_win_64/imt_sdk_win_64/winavr/bin/../lib/gcc/avr/4.3.3/avr5\libgcc.a(_addsub_sf.o)
 .debug_frame   0x000000a0       0x20 c:/users/user/onedrive/desktop/imt_sdk/imt_sdk_win_64/imt_sdk_win_64/winavr/bin/../lib/gcc/avr/4.3.3/avr5\libgcc.a(_mul_sf.o)
 .debug_frame   0x000000c0       0x20 c:/users/user/onedrive/desktop/imt_sdk/imt_sdk_win_64/imt_sdk_win_64/winavr/bin/../lib/gcc/avr/4.3.3/avr5\libgcc.a(_div_sf.o)
 .debug_frame   0x000000e0       0x20 c:/users/user/onedrive/desktop/imt_sdk/imt_sdk_win_64/imt_sdk_win_64/winavr/bin/../lib/gcc/avr/4.3.3/avr5\libgcc.a(_gt_sf.o)
 .debug_frame   0x00000100       0x20 c:/users/user/onedrive/desktop/imt_sdk/imt_sdk_win_64/imt_sdk_win_64/winavr/bin/../lib/gcc/avr/4.3.3/avr5\libgcc.a(_ge_sf.o)
 .debug_frame   0x00000120       0x20 c:/users/user/onedrive/desktop/imt_sdk/imt_sdk_win_64/imt_sdk_win_64/winavr/bin/../lib/gcc/avr/4.3.3/avr5\libgcc.a(_lt_sf.o)
 .debug_frame   0x00000140       0x20 c:/users/user/onedrive/desktop/imt_sdk/imt_sdk_win_64/imt_sdk_win_64/winavr/bin/../lib/gcc/avr/4.3.3/avr5\libgcc.a(_si_to_sf.o)
 .debug_frame   0x00000160       0x20 c:/users/user/onedrive/desktop/imt_sdk/imt_sdk_win_64/imt_sdk_win_64/winavr/bin/../lib/gcc/avr/4.3.3/avr5\libgcc.a(_sf_to_si.o)
 .debug_frame   0x00000180       0x20 c:/users/user/onedrive/desktop/imt_sdk/imt_sdk_win_64/imt_sdk_win_64/winavr/bin/../lib/gcc/avr/4.3.3/avr5\libgcc.a(_usi_to_sf.o)
 .debug_frame   0x000001a0       0x20 c:/users/user/onedrive/desktop/imt_sdk/imt_sdk_win_64/imt_sdk_win_64/winavr/bin/../lib/gcc/avr/4.3.3/avr5\libgcc.a(_lshrdi3.o)
 .debug_frame   0x000001c0       0x20 c:/users/user/onedrive/desktop/imt_sdk/imt_sdk_win_64/imt_sdk_win_64/winavr/bin/../lib/gcc/avr/4.3.3/avr5\libgcc.a(_clzsi2.o)
 .debug_frame   0x000001e0       0x20 c:/users/user/onedrive/desktop/imt_sdk/imt_sdk_win_64/imt_sdk_win_64/winavr/bin/../lib/gcc/avr/4.3.3/avr5\libgcc.a(_pack_sf.o)
 .debug_frame   0x00000200       0x20 c:/users/user/onedrive/desktop/imt_sdk/imt_sdk_win_64/imt_sdk_win_64/winavr/bin/../lib/gcc/avr/4.3.3/avr5\libgcc.a(_unpack_sf.o)
 .debug_frame   0x00000220       0x20 c:/users/user/onedrive/desktop/imt_sdk/imt_sdk_win_64/imt_sdk_win_64/winavr/bin/../lib/gcc/avr/4.3.3/avr5\libgcc.a(_fpcmp_parts_sf.o)

.debug_str      0x00000000      0x361
 *(.debug_str)
 .debug_str     0x00000000       0xdf c:/users/user/onedrive/desktop/imt_sdk/imt_sdk_win_64/imt_sdk_win_64/winavr/bin/../lib/gcc/avr/4.3.3/avr5\libgcc.a(_ashldi3.o)
                                0x131 (size before relaxing)
 .debug_str     0x000000df       0x14 c:/users/user/onedrive/desktop/imt_sdk/imt_sdk_win_64/imt_sdk_win_64/winavr/bin/../lib/gcc/avr/4.3.3/avr5\libgcc.a(_fixunssfsi.o)
                                 0xfe (size before relaxing)
 .debug_str     0x000000f3       0x39 c:/users/user/onedrive/desktop/imt_sdk/imt_sdk_win_64/imt_sdk_win_64/winavr/bin/../lib/gcc/avr/4.3.3/avr5\libgcc.a(_floatundisf.o)
                                0x12a (size before relaxing)
 .debug_str     0x0000012c      0x14d c:/users/user/onedrive/desktop/imt_sdk/imt_sdk_win_64/imt_sdk_win_64/winavr/bin/../lib/gcc/avr/4.3.3/avr5\libgcc.a(_addsub_sf.o)
                                0x206 (size before relaxing)
 .debug_str     0x00000279       0x27 c:/users/user/onedrive/desktop/imt_sdk/imt_sdk_win_64/imt_sdk_win_64/winavr/bin/../lib/gcc/avr/4.3.3/avr5\libgcc.a(_mul_sf.o)
                                0x1bf (size before relaxing)
 .debug_str     0x000002a0       0x35 c:/users/user/onedrive/desktop/imt_sdk/imt_sdk_win_64/imt_sdk_win_64/winavr/bin/../lib/gcc/avr/4.3.3/avr5\libgcc.a(_div_sf.o)
                                0x1c8 (size before relaxing)
 .debug_str     0x000002d5        0x8 c:/users/user/onedrive/desktop/imt_sdk/imt_sdk_win_64/imt_sdk_win_64/winavr/bin/../lib/gcc/avr/4.3.3/avr5\libgcc.a(_gt_sf.o)
                                0x195 (size before relaxing)
 .debug_str     0x000002dd        0x8 c:/users/user/onedrive/desktop/imt_sdk/imt_sdk_win_64/imt_sdk_win_64/winavr/bin/../lib/gcc/avr/4.3.3/avr5\libgcc.a(_ge_sf.o)
                                0x195 (size before relaxing)
 .debug_str     0x000002e5        0x8 c:/users/user/onedrive/desktop/imt_sdk/imt_sdk_win_64/imt_sdk_win_64/winavr/bin/../lib/gcc/avr/4.3.3/avr5\libgcc.a(_lt_sf.o)
                                0x195 (size before relaxing)
 .debug_str     0x000002ed       0x18 c:/users/user/onedrive/desktop/imt_sdk/imt_sdk_win_64/imt_sdk_win_64/winavr/bin/../lib/gcc/avr/4.3.3/avr5\libgcc.a(_si_to_sf.o)
                                0x17b (size before relaxing)
 .debug_str     0x00000305        0xa c:/users/user/onedrive/desktop/imt_sdk/imt_sdk_win_64/imt_sdk_win_64/winavr/bin/../lib/gcc/avr/4.3.3/avr5\libgcc.a(_sf_to_si.o)
                                0x19e (size before relaxing)
 .debug_str     0x00000000      0x103 c:/users/user/onedrive/desktop/imt_sdk/imt_sdk_win_64/imt_sdk_win_64/winavr/bin/../lib/gcc/avr/4.3.3/avr5\libgcc.a(_thenan_sf.o)
 .debug_str     0x0000030f       0x14 c:/users/user/onedrive/desktop/imt_sdk/imt_sdk_win_64/imt_sdk_win_64/winavr/bin/../lib/gcc/avr/4.3.3/avr5\libgcc.a(_usi_to_sf.o)
                                0x177 (size before relaxing)
 .debug_str     0x00000323        0xa c:/users/user/onedrive/desktop/imt_sdk/imt_sdk_win_64/imt_sdk_win_64/winavr/bin/../lib/gcc/avr/4.3.3/avr5\libgcc.a(_lshrdi3.o)
                                0x131 (size before relaxing)
 .debug_str     0x00000000       0xf4 c:/users/user/onedrive/desktop/imt_sdk/imt_sdk_win_64/imt_sdk_win_64/winavr/bin/../lib/gcc/avr/4.3.3/avr5\libgcc.a(_clz.o)
 .debug_str     0x0000032d        0x9 c:/users/user/onedrive/desktop/imt_sdk/imt_sdk_win_64/imt_sdk_win_64/winavr/bin/../lib/gcc/avr/4.3.3/avr5\libgcc.a(_clzsi2.o)
                                0x111 (size before relaxing)
 .debug_str     0x00000336       0x10 c:/users/user/onedrive/desktop/imt_sdk/imt_sdk_win_64/imt_sdk_win_64/winavr/bin/../lib/gcc/avr/4.3.3/avr5\libgcc.a(_pack_sf.o)
                                0x19d (size before relaxing)
 .debug_str     0x00000346        0xb c:/users/user/onedrive/desktop/imt_sdk/imt_sdk_win_64/imt_sdk_win_64/winavr/bin/../lib/gcc/avr/4.3.3/avr5\libgcc.a(_unpack_sf.o)
                                0x17f (size before relaxing)
 .debug_str     0x00000351       0x10 c:/users/user/onedrive/desktop/imt_sdk/imt_sdk_win_64/imt_sdk_win_64/winavr/bin/../lib/gcc/avr/4.3.3/avr5\libgcc.a(_fpcmp_parts_sf.o)
                                0x163 (size before relaxing)

.debug_loc      0x00000000      0xdf4
 *(.debug_loc)
 .debug_loc     0x00000000       0xf8 c:/users/user/onedrive/desktop/imt_sdk/imt_sdk_win_64/imt_sdk_win_64/winavr/bin/../lib/gcc/avr/4.3.3/avr5\libgcc.a(_ashldi3.o)
 .debug_loc     0x000000f8       0x34 c:/users/user/onedrive/desktop/imt_sdk/imt_sdk_win_64/imt_sdk_win_64/winavr/bin/../lib/gcc/avr/4.3.3/avr5\libgcc.a(_fixunssfsi.o)
 .debug_loc     0x0000012c      0x1ea c:/users/user/onedrive/desktop/imt_sdk/imt_sdk_win_64/imt_sdk_win_64/winavr/bin/../lib/gcc/avr/4.3.3/avr5\libgcc.a(_floatundisf.o)
 .debug_loc     0x00000316      0x32a c:/users/user/onedrive/desktop/imt_sdk/imt_sdk_win_64/imt_sdk_win_64/winavr/bin/../lib/gcc/avr/4.3.3/avr5\libgcc.a(_addsub_sf.o)
 .debug_loc     0x00000640      0x104 c:/users/user/onedrive/desktop/imt_sdk/imt_sdk_win_64/imt_sdk_win_64/winavr/bin/../lib/gcc/avr/4.3.3/avr5\libgcc.a(_mul_sf.o)
 .debug_loc     0x00000744       0xc0 c:/users/user/onedrive/desktop/imt_sdk/imt_sdk_win_64/imt_sdk_win_64/winavr/bin/../lib/gcc/avr/4.3.3/avr5\libgcc.a(_div_sf.o)
 .debug_loc     0x00000804       0x3c c:/users/user/onedrive/desktop/imt_sdk/imt_sdk_win_64/imt_sdk_win_64/winavr/bin/../lib/gcc/avr/4.3.3/avr5\libgcc.a(_gt_sf.o)
 .debug_loc     0x00000840       0x3c c:/users/user/onedrive/desktop/imt_sdk/imt_sdk_win_64/imt_sdk_win_64/winavr/bin/../lib/gcc/avr/4.3.3/avr5\libgcc.a(_ge_sf.o)
 .debug_loc     0x0000087c       0x3c c:/users/user/onedrive/desktop/imt_sdk/imt_sdk_win_64/imt_sdk_win_64/winavr/bin/../lib/gcc/avr/4.3.3/avr5\libgcc.a(_lt_sf.o)
 .debug_loc     0x000008b8       0xac c:/users/user/onedrive/desktop/imt_sdk/imt_sdk_win_64/imt_sdk_win_64/winavr/bin/../lib/gcc/avr/4.3.3/avr5\libgcc.a(_si_to_sf.o)
 .debug_loc     0x00000964       0x7e c:/users/user/onedrive/desktop/imt_sdk/imt_sdk_win_64/imt_sdk_win_64/winavr/bin/../lib/gcc/avr/4.3.3/avr5\libgcc.a(_sf_to_si.o)
 .debug_loc     0x000009e2       0x4c c:/users/user/onedrive/desktop/imt_sdk/imt_sdk_win_64/imt_sdk_win_64/winavr/bin/../lib/gcc/avr/4.3.3/avr5\libgcc.a(_usi_to_sf.o)
 .debug_loc     0x00000a2e       0xf8 c:/users/user/onedrive/desktop/imt_sdk/imt_sdk_win_64/imt_sdk_win_64/winavr/bin/../lib/gcc/avr/4.3.3/avr5\libgcc.a(_lshrdi3.o)
 .debug_loc     0x00000b26       0x94 c:/users/user/onedrive/desktop/imt_sdk/imt_sdk_win_64/imt_sdk_win_64/winavr/bin/../lib/gcc/avr/4.3.3/avr5\libgcc.a(_clzsi2.o)
 .debug_loc     0x00000bba      0x13e c:/users/user/onedrive/desktop/imt_sdk/imt_sdk_win_64/imt_sdk_win_64/winavr/bin/../lib/gcc/avr/4.3.3/avr5\libgcc.a(_pack_sf.o)
 .debug_loc     0x00000cf8       0xac c:/users/user/onedrive/desktop/imt_sdk/imt_sdk_win_64/imt_sdk_win_64/winavr/bin/../lib/gcc/avr/4.3.3/avr5\libgcc.a(_unpack_sf.o)
 .debug_loc     0x00000da4       0x50 c:/users/user/onedrive/desktop/imt_sdk/imt_sdk_win_64/imt_sdk_win_64/winavr/bin/../lib/gcc/avr/4.3.3/avr5\libgcc.a(_fpcmp_parts_sf.o)

.debug_macinfo
 *(.debug_macinfo)
OUTPUT(RC_Car.elf elf32-avr)
LOAD linker stubs

.debug_ranges   0x00000000       0x50
 .debug_ranges  0x00000000       0x50 c:/users/user/onedrive/desktop/imt_sdk/imt_sdk_win_64/imt_sdk_win_64/winavr/bin/../lib/gcc/avr/4.3.3/avr5\libgcc.a(_mul_sf.o)
